$ /var/folders/sl/yxxj_m9n37sgntkntqw0x8yw0000gn/T/rustchan-e2e-23-VOvPlA/bin/rustchan-cli admin create-admin admin AdminPass123!
Created settings.toml (/var/folders/sl/yxxj_m9n37sgntkntqw0x8yw0000gn/T/rustchan-e2e-23-VOvPlA/bin/rustchan-data/settings.toml)
✓ Admin 'admin' created (id=1).

$ /var/folders/sl/yxxj_m9n37sgntkntqw0x8yw0000gn/T/rustchan-e2e-23-VOvPlA/bin/rustchan-cli admin create-board pub Public Board General public discussion
✓ Board /pub/ — Public Board created (id=1).  images:yes video:yes audio:no

$ /var/folders/sl/yxxj_m9n37sgntkntqw0x8yw0000gn/T/rustchan-e2e-23-VOvPlA/bin/rustchan-cli admin create-board img Images Image upload board
✓ Board /img/ — Images created (id=2).  images:yes video:yes audio:no

$ /var/folders/sl/yxxj_m9n37sgntkntqw0x8yw0000gn/T/rustchan-e2e-23-VOvPlA/bin/rustchan-cli admin create-board vid Video Video upload board
✓ Board /vid/ — Video created (id=3).  images:yes video:yes audio:no

$ /var/folders/sl/yxxj_m9n37sgntkntqw0x8yw0000gn/T/rustchan-e2e-23-VOvPlA/bin/rustchan-cli admin create-board aud Audio Audio upload board --audio
✓ Board /aud/ — Audio created (id=4).  images:yes video:yes audio:yes

$ /var/folders/sl/yxxj_m9n37sgntkntqw0x8yw0000gn/T/rustchan-e2e-23-VOvPlA/bin/rustchan-cli admin create-board nsfw NSFW Board Adult test board --nsfw
✓ Board /nsfw/ — NSFW Board [NSFW] created (id=5).  images:yes video:yes audio:no

$ /var/folders/sl/yxxj_m9n37sgntkntqw0x8yw0000gn/T/rustchan-e2e-23-VOvPlA/bin/rustchan-cli admin create-board txt Text Only Uploads disabled --no-images --no-videos
✓ Board /txt/ — Text Only created (id=6).  images:no video:no audio:no

2026-09-02 22:35:43.589 [WARN ] [detect  ] Ffmpeg not detected - video thumbnails and transcoding disabled - available: no, ffmpeg path: __rustchan_e2e_no_ffmpeg__
2026-09-02 22:35:43.591 [WARN ] [detect  ] Ffprobe not detected - WebM codec inspection will fail for uploads that need it - available: no, ffprobe path: __rustchan_e2e_no_ffprobe__

[server exited code=0 signal=null]
2026-09-02 22:35:45.298 [WARN ] [detect  ] Ffmpeg not detected - video thumbnails and transcoding disabled - available: no, ffmpeg path: __rustchan_e2e_no_ffmpeg__
2026-09-02 22:35:45.300 [WARN ] [detect  ] Ffprobe not detected - WebM codec inspection will fail for uploads that need it - available: no, ffprobe path: __rustchan_e2e_no_ffprobe__
2026-09-02 22:35:54.301 [WARN ] [auth    ] Failed admin login - username: adm… (len=5), ip prefix: 12ca17b4, attempts: 1, attempt limit: 5, locked out: no
$ /var/folders/sl/yxxj_m9n37sgntkntqw0x8yw0000gn/T/rustchan-e2e-23-VOvPlA/bin/rustchan-cli admin create-board btn8913c Button Sizing Public button sizing fixture
✓ Board /btn8913c/ — Button Sizing created (id=8).  images:yes video:yes audio:no

$ /var/folders/sl/yxxj_m9n37sgntkntqw0x8yw0000gn/T/rustchan-e2e-23-VOvPlA/bin/rustchan-cli admin create-board pwd525e4 Password Buttons Password prompt fixture
✓ Board /pwd525e4/ — Password Buttons created (id=9).  images:yes video:yes audio:no

2026-09-02 22:36:04.026 [WARN ] [admin   ] Admin same-origin validation rejected request - request scheme: http, request host: 127.0.0.1, request port: 49198, source scheme: http, source host: evil.example, source port: 80, source: http://evil.example
2026-09-02 22:36:04.028 [WARN ] [admin   ] Admin same-origin validation rejected request - request scheme: http, request host: 127.0.0.1, request port: 49198, source scheme: http, source host: evil.example, source port: 80, source: http://evil.example/path
$ /var/folders/sl/yxxj_m9n37sgntkntqw0x8yw0000gn/T/rustchan-e2e-23-VOvPlA/bin/rustchan-cli admin create-board ownd86df Own Post Fallback 
✓ Board /ownd86df/ — Own Post Fallback created (id=12).  images:yes video:yes audio:no

$ /var/folders/sl/yxxj_m9n37sgntkntqw0x8yw0000gn/T/rustchan-e2e-23-VOvPlA/bin/rustchan-cli admin create-board pdffcd9d PDF NoJS 
✓ Board /pdffcd9d/ — PDF NoJS created (id=13).  images:yes video:yes audio:no

$ /var/folders/sl/yxxj_m9n37sgntkntqw0x8yw0000gn/T/rustchan-e2e-23-VOvPlA/bin/rustchan-cli admin create-board anye5db4 Any NoJS 
✓ Board /anye5db4/ — Any NoJS created (id=14).  images:yes video:yes audio:no

$ /var/folders/sl/yxxj_m9n37sgntkntqw0x8yw0000gn/T/rustchan-e2e-23-VOvPlA/bin/rustchan-cli admin create-board limd6570 Small Uploads 
✓ Board /limd6570/ — Small Uploads created (id=15).  images:yes video:yes audio:no

$ /var/folders/sl/yxxj_m9n37sgntkntqw0x8yw0000gn/T/rustchan-e2e-23-VOvPlA/bin/rustchan-cli admin create-board acte97b0 Activity Board 
✓ Board /acte97b0/ — Activity Board created (id=16).  images:yes video:yes audio:no

$ /var/folders/sl/yxxj_m9n37sgntkntqw0x8yw0000gn/T/rustchan-e2e-23-VOvPlA/bin/rustchan-cli admin create-board pdf23duc PDF Board 
✓ Board /pdf23duc/ — PDF Board created (id=17).  images:yes video:yes audio:no

$ /var/folders/sl/yxxj_m9n37sgntkntqw0x8yw0000gn/T/rustchan-e2e-23-VOvPlA/bin/rustchan-cli admin create-board viee7101 View Password 
✓ Board /viee7101/ — View Password created (id=18).  images:yes video:yes audio:no

$ /var/folders/sl/yxxj_m9n37sgntkntqw0x8yw0000gn/T/rustchan-e2e-23-VOvPlA/bin/rustchan-cli admin create-board leaf34d0 Leak Audit 
✓ Board /leaf34d0/ — Leak Audit created (id=19).  images:yes video:yes audio:no


[server exited code=0 signal=null]
$ /var/folders/sl/yxxj_m9n37sgntkntqw0x8yw0000gn/T/rustchan-e2e-23-VOvPlA/bin/rustchan-cli admin create-board nj5c0c19 Phase 3 Activity nj5c0c19 Phase 3 activity board nj5c0c19
✓ Board /nj5c0c19/ — Phase 3 Activity nj5c0c19 created (id=20).  images:yes video:yes audio:no

2026-09-02 22:36:27.056 [WARN ] [detect  ] Ffmpeg not detected - video thumbnails and transcoding disabled - available: no, ffmpeg path: __rustchan_e2e_no_ffmpeg__
2026-09-02 22:36:27.057 [WARN ] [detect  ] Ffprobe not detected - WebM codec inspection will fail for uploads that need it - available: no, ffprobe path: __rustchan_e2e_no_ffprobe__
$ /var/folders/sl/yxxj_m9n37sgntkntqw0x8yw0000gn/T/rustchan-e2e-23-VOvPlA/bin/rustchan-cli admin create-board a11072aa Accessibility Board keyboard and label coverage
✓ Board /a11072aa/ — Accessibility Board created (id=21).  images:yes video:yes audio:no

$ /var/folders/sl/yxxj_m9n37sgntkntqw0x8yw0000gn/T/rustchan-e2e-23-VOvPlA/bin/rustchan-cli admin create-board errdaa47 Error State Board phase 4 error fixtures
✓ Board /errdaa47/ — Error State Board created (id=22).  images:yes video:yes audio:no

$ /var/folders/sl/yxxj_m9n37sgntkntqw0x8yw0000gn/T/rustchan-e2e-23-VOvPlA/bin/rustchan-cli admin create-board njs0f245 No JS Release no-js release smoke
✓ Board /njs0f245/ — No JS Release created (id=23).  images:yes video:yes audio:no


[server exited code=0 signal=null]
2026-09-02 22:36:47.822 [WARN ] [detect  ] Ffmpeg not detected - video thumbnails and transcoding disabled - available: no, ffmpeg path: __rustchan_e2e_no_ffmpeg__
2026-09-02 22:36:47.823 [WARN ] [detect  ] Ffprobe not detected - WebM codec inspection will fail for uploads that need it - available: no, ffprobe path: __rustchan_e2e_no_ffprobe__
$ /var/folders/sl/yxxj_m9n37sgntkntqw0x8yw0000gn/T/rustchan-e2e-23-VOvPlA/bin/rustchan-cli admin create-board lifcba37 Lifecycle Board 
✓ Board /lifcba37/ — Lifecycle Board created (id=24).  images:yes video:yes audio:no

