$ /var/folders/sl/yxxj_m9n37sgntkntqw0x8yw0000gn/T/rustchan-e2e-2-6iS5Yk/bin/rustchan-cli admin create-admin admin AdminPass123!
Created settings.toml (/var/folders/sl/yxxj_m9n37sgntkntqw0x8yw0000gn/T/rustchan-e2e-2-6iS5Yk/bin/rustchan-data/settings.toml)
✓ Admin 'admin' created (id=1).

$ /var/folders/sl/yxxj_m9n37sgntkntqw0x8yw0000gn/T/rustchan-e2e-2-6iS5Yk/bin/rustchan-cli admin create-board pub Public Board General public discussion
✓ Board /pub/ — Public Board created (id=1).  images:yes video:yes audio:no

$ /var/folders/sl/yxxj_m9n37sgntkntqw0x8yw0000gn/T/rustchan-e2e-2-6iS5Yk/bin/rustchan-cli admin create-board img Images Image upload board
✓ Board /img/ — Images created (id=2).  images:yes video:yes audio:no

$ /var/folders/sl/yxxj_m9n37sgntkntqw0x8yw0000gn/T/rustchan-e2e-2-6iS5Yk/bin/rustchan-cli admin create-board vid Video Video upload board
✓ Board /vid/ — Video created (id=3).  images:yes video:yes audio:no

$ /var/folders/sl/yxxj_m9n37sgntkntqw0x8yw0000gn/T/rustchan-e2e-2-6iS5Yk/bin/rustchan-cli admin create-board aud Audio Audio upload board --audio
✓ Board /aud/ — Audio created (id=4).  images:yes video:yes audio:yes

$ /var/folders/sl/yxxj_m9n37sgntkntqw0x8yw0000gn/T/rustchan-e2e-2-6iS5Yk/bin/rustchan-cli admin create-board nsfw NSFW Board Adult test board --nsfw
✓ Board /nsfw/ — NSFW Board [NSFW] created (id=5).  images:yes video:yes audio:no

$ /var/folders/sl/yxxj_m9n37sgntkntqw0x8yw0000gn/T/rustchan-e2e-2-6iS5Yk/bin/rustchan-cli admin create-board txt Text Only Uploads disabled --no-images --no-videos
✓ Board /txt/ — Text Only created (id=6).  images:no video:no audio:no

2026-09-02 22:20:20.723 [WARN ] [detect  ] Ffmpeg not detected - video thumbnails and transcoding disabled - available: no, ffmpeg path: __rustchan_e2e_no_ffmpeg__
2026-09-02 22:20:20.725 [WARN ] [detect  ] Ffprobe not detected - WebM codec inspection will fail for uploads that need it - available: no, ffprobe path: __rustchan_e2e_no_ffprobe__
$ /var/folders/sl/yxxj_m9n37sgntkntqw0x8yw0000gn/T/rustchan-e2e-2-6iS5Yk/bin/rustchan-cli admin create-board bnda09d2 Ban Delete Modal ban delete fixture
✓ Board /bnda09d2/ — Ban Delete Modal created (id=7).  images:yes video:yes audio:no

2026-09-02 22:20:33.199 [WARN ] [auth    ] Failed admin login - username: adm… (len=5), ip prefix: 12ca17b4, attempts: 1, attempt limit: 5, locked out: no
$ /var/folders/sl/yxxj_m9n37sgntkntqw0x8yw0000gn/T/rustchan-e2e-2-6iS5Yk/bin/rustchan-cli admin create-board rpt2a8ba Reported Board Moderation queue fixture
✓ Board /rpt2a8ba/ — Reported Board created (id=8).  images:yes video:yes audio:no

$ /var/folders/sl/yxxj_m9n37sgntkntqw0x8yw0000gn/T/rustchan-e2e-2-6iS5Yk/bin/rustchan-cli admin create-board admb7c9d Admin Controls Public admin controls fixture
✓ Board /admb7c9d/ — Admin Controls created (id=10).  images:yes video:yes audio:no


[server exited code=0 signal=null]
2026-09-02 22:20:43.679 [WARN ] [detect  ] Ffmpeg not detected - video thumbnails and transcoding disabled - available: no, ffmpeg path: __rustchan_e2e_no_ffmpeg__
2026-09-02 22:20:43.680 [WARN ] [detect  ] Ffprobe not detected - WebM codec inspection will fail for uploads that need it - available: no, ffprobe path: __rustchan_e2e_no_ffprobe__
2026-09-02 22:21:03.671 [WARN ] [auth    ] Failed admin login - username: adm… (len=5), ip prefix: 12ca17b4, attempts: 1, attempt limit: 5, locked out: no

[server exited code=0 signal=null]
2026-09-02 22:21:06.732 [WARN ] [detect  ] Ffmpeg not detected - video thumbnails and transcoding disabled - available: no, ffmpeg path: __rustchan_e2e_no_ffmpeg__
2026-09-02 22:21:06.734 [WARN ] [detect  ] Ffprobe not detected - WebM codec inspection will fail for uploads that need it - available: no, ffprobe path: __rustchan_e2e_no_ffprobe__
$ /var/folders/sl/yxxj_m9n37sgntkntqw0x8yw0000gn/T/rustchan-e2e-2-6iS5Yk/bin/rustchan-cli admin create-board btn7300f Button Sizing Public button sizing fixture
✓ Board /btn7300f/ — Button Sizing created (id=17).  images:yes video:yes audio:no

$ /var/folders/sl/yxxj_m9n37sgntkntqw0x8yw0000gn/T/rustchan-e2e-2-6iS5Yk/bin/rustchan-cli admin create-board pw5db824 Password Buttons Password prompt fixture
✓ Board /pw5db824/ — Password Buttons created (id=18).  images:yes video:yes audio:no

$ /var/folders/sl/yxxj_m9n37sgntkntqw0x8yw0000gn/T/rustchan-e2e-2-6iS5Yk/bin/rustchan-cli admin create-board cap7cb2c Captcha Board 
✓ Board /cap7cb2c/ — Captcha Board created (id=19).  images:yes video:yes audio:no

2026-09-02 22:21:16.819 [WARN ] [admin   ] Admin same-origin validation rejected request - request scheme: http, request host: 127.0.0.1, request port: 62630, source scheme: http, source host: evil.example, source port: 80, source: http://evil.example
2026-09-02 22:21:16.822 [WARN ] [admin   ] Admin same-origin validation rejected request - request scheme: http, request host: 127.0.0.1, request port: 62630, source scheme: http, source host: evil.example, source port: 80, source: http://evil.example/path
2026-09-02 22:21:21.495 [ERROR] [admin   ] Full restore failed - route: /admin/restore, error: Bad request: Invalid zip: invalid Zip archive: Could not find EOCD
$ /var/folders/sl/yxxj_m9n37sgntkntqw0x8yw0000gn/T/rustchan-e2e-2-6iS5Yk/bin/rustchan-cli admin create-board lim2urmk Limits 
✓ Board /lim2urmk/ — Limits created (id=22).  images:yes video:yes audio:no

$ /var/folders/sl/yxxj_m9n37sgntkntqw0x8yw0000gn/T/rustchan-e2e-2-6iS5Yk/bin/rustchan-cli admin create-board pdf2usyx PDF Board 
✓ Board /pdf2usyx/ — PDF Board created (id=23).  images:yes video:yes audio:no

$ /var/folders/sl/yxxj_m9n37sgntkntqw0x8yw0000gn/T/rustchan-e2e-2-6iS5Yk/bin/rustchan-cli admin create-board modde2ad Moderation Phase 2 
✓ Board /modde2ad/ — Moderation Phase 2 created (id=24).  images:yes video:yes audio:no

$ /var/folders/sl/yxxj_m9n37sgntkntqw0x8yw0000gn/T/rustchan-e2e-2-6iS5Yk/bin/rustchan-cli admin create-board pos8402b Post Password 
✓ Board /pos8402b/ — Post Password created (id=25).  images:yes video:yes audio:no


[server exited code=0 signal=null]
$ /var/folders/sl/yxxj_m9n37sgntkntqw0x8yw0000gn/T/rustchan-e2e-2-6iS5Yk/bin/rustchan-cli admin create-board bfc7844f Phase 3 Activity bfc7844f Phase 3 activity board bfc7844f
✓ Board /bfc7844f/ — Phase 3 Activity bfc7844f created (id=26).  images:yes video:yes audio:no

2026-09-02 22:21:39.442 [WARN ] [detect  ] Ffmpeg not detected - video thumbnails and transcoding disabled - available: no, ffmpeg path: __rustchan_e2e_no_ffmpeg__
2026-09-02 22:21:39.444 [WARN ] [detect  ] Ffprobe not detected - WebM codec inspection will fail for uploads that need it - available: no, ffprobe path: __rustchan_e2e_no_ffprobe__

[server exited code=0 signal=null]
2026-09-02 22:21:40.518 [WARN ] [detect  ] Ffmpeg not detected - video thumbnails and transcoding disabled - available: no, ffmpeg path: __rustchan_e2e_no_ffmpeg__
2026-09-02 22:21:40.519 [WARN ] [detect  ] Ffprobe not detected - WebM codec inspection will fail for uploads that need it - available: no, ffprobe path: __rustchan_e2e_no_ffprobe__

[server exited code=0 signal=null]
2026-09-02 22:21:41.083 [WARN ] [detect  ] Ffmpeg not detected - video thumbnails and transcoding disabled - available: no, ffmpeg path: __rustchan_e2e_no_ffmpeg__
2026-09-02 22:21:41.085 [WARN ] [detect  ] Ffprobe not detected - WebM codec inspection will fail for uploads that need it - available: no, ffprobe path: __rustchan_e2e_no_ffprobe__

[server exited code=0 signal=null]
$ /var/folders/sl/yxxj_m9n37sgntkntqw0x8yw0000gn/T/rustchan-e2e-2-6iS5Yk/bin/rustchan-cli admin create-board pa1205a2 Phase 3 Protected pa1205a2 Protected activity must not leak while locked
✓ Board /pa1205a2/ — Phase 3 Protected pa1205a2 created (id=27).  images:yes video:yes audio:no

2026-09-02 22:21:41.658 [WARN ] [detect  ] Ffmpeg not detected - video thumbnails and transcoding disabled - available: no, ffmpeg path: __rustchan_e2e_no_ffmpeg__
2026-09-02 22:21:41.659 [WARN ] [detect  ] Ffprobe not detected - WebM codec inspection will fail for uploads that need it - available: no, ffprobe path: __rustchan_e2e_no_ffprobe__
2026-09-02 22:21:46.916 [WARN ] [media_pr] Media file missing while DB still references it - post ID: 19, path: img/f9537248160e4c67a55ba7da14d9fe90.png
2026-09-02 22:21:46.916 [WARN ] [media_pr] Media file missing while DB still references it - post ID: 24, path: img/f9537248160e4c67a55ba7da14d9fe90.png
2026-09-02 22:21:46.916 [WARN ] [media_pr] Media file missing while DB still references it - post ID: 25, path: img/f9537248160e4c67a55ba7da14d9fe90.png
2026-09-02 22:21:46.916 [WARN ] [media_pr] Media file missing while DB still references it - post ID: 43, path: img/f9537248160e4c67a55ba7da14d9fe90.png
2026-09-02 22:21:47.113 [WARN ] [media_pr] Media file missing while DB still references it - post ID: 19, path: img/f9537248160e4c67a55ba7da14d9fe90.png
2026-09-02 22:21:47.113 [WARN ] [media_pr] Media file missing while DB still references it - post ID: 24, path: img/f9537248160e4c67a55ba7da14d9fe90.png
2026-09-02 22:21:47.113 [WARN ] [media_pr] Media file missing while DB still references it - post ID: 25, path: img/f9537248160e4c67a55ba7da14d9fe90.png
2026-09-02 22:21:47.114 [WARN ] [media_pr] Media file missing while DB still references it - post ID: 43, path: img/f9537248160e4c67a55ba7da14d9fe90.png
2026-09-02 22:21:47.304 [WARN ] [media_pr] Media file missing while DB still references it - post ID: 19, path: img/f9537248160e4c67a55ba7da14d9fe90.png
2026-09-02 22:21:47.304 [WARN ] [media_pr] Media file missing while DB still references it - post ID: 24, path: img/f9537248160e4c67a55ba7da14d9fe90.png
2026-09-02 22:21:47.304 [WARN ] [media_pr] Media file missing while DB still references it - post ID: 25, path: img/f9537248160e4c67a55ba7da14d9fe90.png
2026-09-02 22:21:47.304 [WARN ] [media_pr] Media file missing while DB still references it - post ID: 43, path: img/f9537248160e4c67a55ba7da14d9fe90.png
$ /var/folders/sl/yxxj_m9n37sgntkntqw0x8yw0000gn/T/rustchan-e2e-2-6iS5Yk/bin/rustchan-cli admin create-board hdr4a02c Header PDF 
✓ Board /hdr4a02c/ — Header PDF created (id=28).  images:yes video:yes audio:no

2026-09-02 22:21:48.877 [WARN ] [media_pr] Media file missing while DB still references it - post ID: 19, path: img/f9537248160e4c67a55ba7da14d9fe90.png
2026-09-02 22:21:48.878 [WARN ] [media_pr] Media file missing while DB still references it - post ID: 24, path: img/f9537248160e4c67a55ba7da14d9fe90.png
2026-09-02 22:21:48.878 [WARN ] [media_pr] Media file missing while DB still references it - post ID: 25, path: img/f9537248160e4c67a55ba7da14d9fe90.png
2026-09-02 22:21:48.878 [WARN ] [media_pr] Media file missing while DB still references it - post ID: 43, path: img/f9537248160e4c67a55ba7da14d9fe90.png
$ /var/folders/sl/yxxj_m9n37sgntkntqw0x8yw0000gn/T/rustchan-e2e-2-6iS5Yk/bin/rustchan-cli admin create-board anyb9407 Generic Attachments 
✓ Board /anyb9407/ — Generic Attachments created (id=29).  images:yes video:yes audio:no

2026-09-02 22:21:49.442 [WARN ] [media_pr] Media file missing while DB still references it - post ID: 19, path: img/f9537248160e4c67a55ba7da14d9fe90.png
2026-09-02 22:21:49.442 [WARN ] [media_pr] Media file missing while DB still references it - post ID: 24, path: img/f9537248160e4c67a55ba7da14d9fe90.png
2026-09-02 22:21:49.443 [WARN ] [media_pr] Media file missing while DB still references it - post ID: 25, path: img/f9537248160e4c67a55ba7da14d9fe90.png
2026-09-02 22:21:49.443 [WARN ] [media_pr] Media file missing while DB still references it - post ID: 43, path: img/f9537248160e4c67a55ba7da14d9fe90.png

[server exited code=0 signal=null]
$ /var/folders/sl/yxxj_m9n37sgntkntqw0x8yw0000gn/T/rustchan-e2e-2-6iS5Yk/bin/rustchan-cli admin create-board pme845fa Protected Phase 3 Media 
✓ Board /pme845fa/ — Protected Phase 3 Media created (id=30).  images:yes video:yes audio:no

2026-09-02 22:21:49.762 [WARN ] [detect  ] Ffmpeg not detected - video thumbnails and transcoding disabled - available: no, ffmpeg path: __rustchan_e2e_no_ffmpeg__
2026-09-02 22:21:49.764 [WARN ] [detect  ] Ffprobe not detected - WebM codec inspection will fail for uploads that need it - available: no, ffprobe path: __rustchan_e2e_no_ffprobe__
2026-09-02 22:21:50.173 [WARN ] [media_pr] Media file missing while DB still references it - post ID: 19, path: img/f9537248160e4c67a55ba7da14d9fe90.png
2026-09-02 22:21:50.173 [WARN ] [media_pr] Media file missing while DB still references it - post ID: 24, path: img/f9537248160e4c67a55ba7da14d9fe90.png
2026-09-02 22:21:50.173 [WARN ] [media_pr] Media file missing while DB still references it - post ID: 25, path: img/f9537248160e4c67a55ba7da14d9fe90.png
2026-09-02 22:21:50.173 [WARN ] [media_pr] Media file missing while DB still references it - post ID: 43, path: img/f9537248160e4c67a55ba7da14d9fe90.png
$ /var/folders/sl/yxxj_m9n37sgntkntqw0x8yw0000gn/T/rustchan-e2e-2-6iS5Yk/bin/rustchan-cli admin create-board a116f7d5 Accessibility Board keyboard and label coverage
✓ Board /a116f7d5/ — Accessibility Board created (id=31).  images:yes video:yes audio:no

2026-09-02 22:21:55.617 [WARN ] [media_pr] Media file missing while DB still references it - post ID: 19, path: img/f9537248160e4c67a55ba7da14d9fe90.png
2026-09-02 22:21:55.617 [WARN ] [media_pr] Media file missing while DB still references it - post ID: 24, path: img/f9537248160e4c67a55ba7da14d9fe90.png
2026-09-02 22:21:55.617 [WARN ] [media_pr] Media file missing while DB still references it - post ID: 25, path: img/f9537248160e4c67a55ba7da14d9fe90.png
2026-09-02 22:21:55.617 [WARN ] [media_pr] Media file missing while DB still references it - post ID: 43, path: img/f9537248160e4c67a55ba7da14d9fe90.png
$ /var/folders/sl/yxxj_m9n37sgntkntqw0x8yw0000gn/T/rustchan-e2e-2-6iS5Yk/bin/rustchan-cli admin create-board err1c357 Error State Board phase 4 error fixtures
✓ Board /err1c357/ — Error State Board created (id=32).  images:yes video:yes audio:no

2026-09-02 22:21:59.459 [WARN ] [media_pr] Media file missing while DB still references it - post ID: 19, path: img/f9537248160e4c67a55ba7da14d9fe90.png
2026-09-02 22:21:59.459 [WARN ] [media_pr] Media file missing while DB still references it - post ID: 24, path: img/f9537248160e4c67a55ba7da14d9fe90.png
2026-09-02 22:21:59.459 [WARN ] [media_pr] Media file missing while DB still references it - post ID: 25, path: img/f9537248160e4c67a55ba7da14d9fe90.png
2026-09-02 22:21:59.460 [WARN ] [media_pr] Media file missing while DB still references it - post ID: 43, path: img/f9537248160e4c67a55ba7da14d9fe90.png
2026-09-02 22:21:59.592 [WARN ] [media_pr] Media file missing while DB still references it - post ID: 19, path: img/f9537248160e4c67a55ba7da14d9fe90.png
2026-09-02 22:21:59.593 [WARN ] [media_pr] Media file missing while DB still references it - post ID: 24, path: img/f9537248160e4c67a55ba7da14d9fe90.png
2026-09-02 22:21:59.593 [WARN ] [media_pr] Media file missing while DB still references it - post ID: 25, path: img/f9537248160e4c67a55ba7da14d9fe90.png
2026-09-02 22:21:59.593 [WARN ] [media_pr] Media file missing while DB still references it - post ID: 43, path: img/f9537248160e4c67a55ba7da14d9fe90.png
2026-09-02 22:21:59.867 [WARN ] [media_pr] Media file missing while DB still references it - post ID: 19, path: img/f9537248160e4c67a55ba7da14d9fe90.png
2026-09-02 22:21:59.868 [WARN ] [media_pr] Media file missing while DB still references it - post ID: 24, path: img/f9537248160e4c67a55ba7da14d9fe90.png
2026-09-02 22:21:59.868 [WARN ] [media_pr] Media file missing while DB still references it - post ID: 25, path: img/f9537248160e4c67a55ba7da14d9fe90.png
2026-09-02 22:21:59.868 [WARN ] [media_pr] Media file missing while DB still references it - post ID: 43, path: img/f9537248160e4c67a55ba7da14d9fe90.png
2026-09-02 22:22:00.034 [WARN ] [media_pr] Media file missing while DB still references it - post ID: 19, path: img/f9537248160e4c67a55ba7da14d9fe90.png
2026-09-02 22:22:00.034 [WARN ] [media_pr] Media file missing while DB still references it - post ID: 24, path: img/f9537248160e4c67a55ba7da14d9fe90.png
2026-09-02 22:22:00.034 [WARN ] [media_pr] Media file missing while DB still references it - post ID: 25, path: img/f9537248160e4c67a55ba7da14d9fe90.png
2026-09-02 22:22:00.034 [WARN ] [media_pr] Media file missing while DB still references it - post ID: 43, path: img/f9537248160e4c67a55ba7da14d9fe90.png
2026-09-02 22:22:01.553 [ERROR] [admin   ] Full restore failed - route: /admin/restore, error: Bad request: Invalid zip: invalid Zip archive: Could not find EOCD
2026-09-02 22:22:01.637 [ERROR] [admin   ] Board restore failed - route: /admin/board/restore, error: Bad request: Invalid board.json: missing field `version` at line 1 column 24
$ /var/folders/sl/yxxj_m9n37sgntkntqw0x8yw0000gn/T/rustchan-e2e-2-6iS5Yk/bin/rustchan-cli admin create-board busef52d Busy Public Board many threads and replies
✓ Board /busef52d/ — Busy Public Board created (id=33).  images:yes video:yes audio:no

$ /var/folders/sl/yxxj_m9n37sgntkntqw0x8yw0000gn/T/rustchan-e2e-2-6iS5Yk/bin/rustchan-cli admin create-board pro35c8d Protected Busy Board must not leak content
✓ Board /pro35c8d/ — Protected Busy Board created (id=34).  images:yes video:yes audio:no

$ /var/folders/sl/yxxj_m9n37sgntkntqw0x8yw0000gn/T/rustchan-e2e-2-6iS5Yk/bin/rustchan-cli admin create-board b0877d5c Auxiliary Board 0 auxiliary board for home stress 0
✓ Board /b0877d5c/ — Auxiliary Board 0 created (id=35).  images:yes video:yes audio:no

$ /var/folders/sl/yxxj_m9n37sgntkntqw0x8yw0000gn/T/rustchan-e2e-2-6iS5Yk/bin/rustchan-cli admin create-board b1828255 Auxiliary Board 1 auxiliary board for home stress 1
✓ Board /b1828255/ — Auxiliary Board 1 created (id=36).  images:yes video:yes audio:no

$ /var/folders/sl/yxxj_m9n37sgntkntqw0x8yw0000gn/T/rustchan-e2e-2-6iS5Yk/bin/rustchan-cli admin create-board b2eae5ba Auxiliary Board 2 auxiliary board for home stress 2
✓ Board /b2eae5ba/ — Auxiliary Board 2 created (id=37).  images:yes video:yes audio:no

$ /var/folders/sl/yxxj_m9n37sgntkntqw0x8yw0000gn/T/rustchan-e2e-2-6iS5Yk/bin/rustchan-cli admin create-board b3e723b1 Auxiliary Board 3 auxiliary board for home stress 3
✓ Board /b3e723b1/ — Auxiliary Board 3 created (id=38).  images:yes video:yes audio:no

$ /var/folders/sl/yxxj_m9n37sgntkntqw0x8yw0000gn/T/rustchan-e2e-2-6iS5Yk/bin/rustchan-cli admin create-board b43279e7 Auxiliary Board 4 auxiliary board for home stress 4
✓ Board /b43279e7/ — Auxiliary Board 4 created (id=39).  images:yes video:yes audio:no

$ /var/folders/sl/yxxj_m9n37sgntkntqw0x8yw0000gn/T/rustchan-e2e-2-6iS5Yk/bin/rustchan-cli admin create-board b5517923 Auxiliary Board 5 auxiliary board for home stress 5
✓ Board /b5517923/ — Auxiliary Board 5 created (id=40).  images:yes video:yes audio:no

$ /var/folders/sl/yxxj_m9n37sgntkntqw0x8yw0000gn/T/rustchan-e2e-2-6iS5Yk/bin/rustchan-cli admin create-board b6ae9f3d Auxiliary Board 6 auxiliary board for home stress 6
✓ Board /b6ae9f3d/ — Auxiliary Board 6 created (id=41).  images:yes video:yes audio:no

$ /var/folders/sl/yxxj_m9n37sgntkntqw0x8yw0000gn/T/rustchan-e2e-2-6iS5Yk/bin/rustchan-cli admin create-board b72491ae Auxiliary Board 7 auxiliary board for home stress 7
✓ Board /b72491ae/ — Auxiliary Board 7 created (id=42).  images:yes video:yes audio:no

$ /var/folders/sl/yxxj_m9n37sgntkntqw0x8yw0000gn/T/rustchan-e2e-2-6iS5Yk/bin/rustchan-cli admin create-board b8598c1c Auxiliary Board 8 auxiliary board for home stress 8
✓ Board /b8598c1c/ — Auxiliary Board 8 created (id=43).  images:yes video:yes audio:no

$ /var/folders/sl/yxxj_m9n37sgntkntqw0x8yw0000gn/T/rustchan-e2e-2-6iS5Yk/bin/rustchan-cli admin create-board b961861a Auxiliary Board 9 auxiliary board for home stress 9
✓ Board /b961861a/ — Auxiliary Board 9 created (id=44).  images:yes video:yes audio:no

$ /var/folders/sl/yxxj_m9n37sgntkntqw0x8yw0000gn/T/rustchan-e2e-2-6iS5Yk/bin/rustchan-cli admin create-board b1090d95 Auxiliary Board 10 auxiliary board for home stress 10
✓ Board /b1090d95/ — Auxiliary Board 10 created (id=45).  images:yes video:yes audio:no

$ /var/folders/sl/yxxj_m9n37sgntkntqw0x8yw0000gn/T/rustchan-e2e-2-6iS5Yk/bin/rustchan-cli admin create-board b110a288 Auxiliary Board 11 auxiliary board for home stress 11
✓ Board /b110a288/ — Auxiliary Board 11 created (id=46).  images:yes video:yes audio:no

2026-09-02 22:22:02.609 [WARN ] [media_pr] Media file missing while DB still references it - post ID: 19, path: img/f9537248160e4c67a55ba7da14d9fe90.png
2026-09-02 22:22:02.609 [WARN ] [media_pr] Media file missing while DB still references it - post ID: 24, path: img/f9537248160e4c67a55ba7da14d9fe90.png
2026-09-02 22:22:02.609 [WARN ] [media_pr] Media file missing while DB still references it - post ID: 25, path: img/f9537248160e4c67a55ba7da14d9fe90.png
2026-09-02 22:22:02.609 [WARN ] [media_pr] Media file missing while DB still references it - post ID: 43, path: img/f9537248160e4c67a55ba7da14d9fe90.png
2026-09-02 22:22:02.776 [WARN ] [media_pr] Media file missing while DB still references it - post ID: 19, path: img/f9537248160e4c67a55ba7da14d9fe90.png
2026-09-02 22:22:02.776 [WARN ] [media_pr] Media file missing while DB still references it - post ID: 24, path: img/f9537248160e4c67a55ba7da14d9fe90.png
2026-09-02 22:22:02.776 [WARN ] [media_pr] Media file missing while DB still references it - post ID: 25, path: img/f9537248160e4c67a55ba7da14d9fe90.png
2026-09-02 22:22:02.776 [WARN ] [media_pr] Media file missing while DB still references it - post ID: 43, path: img/f9537248160e4c67a55ba7da14d9fe90.png
2026-09-02 22:22:02.926 [WARN ] [media_pr] Media file missing while DB still references it - post ID: 19, path: img/f9537248160e4c67a55ba7da14d9fe90.png
2026-09-02 22:22:02.927 [WARN ] [media_pr] Media file missing while DB still references it - post ID: 24, path: img/f9537248160e4c67a55ba7da14d9fe90.png
2026-09-02 22:22:02.927 [WARN ] [media_pr] Media file missing while DB still references it - post ID: 25, path: img/f9537248160e4c67a55ba7da14d9fe90.png
2026-09-02 22:22:02.927 [WARN ] [media_pr] Media file missing while DB still references it - post ID: 43, path: img/f9537248160e4c67a55ba7da14d9fe90.png
2026-09-02 22:22:03.067 [WARN ] [media_pr] Media file missing while DB still references it - post ID: 19, path: img/f9537248160e4c67a55ba7da14d9fe90.png
2026-09-02 22:22:03.068 [WARN ] [media_pr] Media file missing while DB still references it - post ID: 24, path: img/f9537248160e4c67a55ba7da14d9fe90.png
2026-09-02 22:22:03.068 [WARN ] [media_pr] Media file missing while DB still references it - post ID: 25, path: img/f9537248160e4c67a55ba7da14d9fe90.png
2026-09-02 22:22:03.068 [WARN ] [media_pr] Media file missing while DB still references it - post ID: 43, path: img/f9537248160e4c67a55ba7da14d9fe90.png
2026-09-02 22:22:03.217 [WARN ] [media_pr] Media file missing while DB still references it - post ID: 19, path: img/f9537248160e4c67a55ba7da14d9fe90.png
2026-09-02 22:22:03.218 [WARN ] [media_pr] Media file missing while DB still references it - post ID: 24, path: img/f9537248160e4c67a55ba7da14d9fe90.png
2026-09-02 22:22:03.218 [WARN ] [media_pr] Media file missing while DB still references it - post ID: 25, path: img/f9537248160e4c67a55ba7da14d9fe90.png
2026-09-02 22:22:03.218 [WARN ] [media_pr] Media file missing while DB still references it - post ID: 43, path: img/f9537248160e4c67a55ba7da14d9fe90.png
2026-09-02 22:22:03.368 [WARN ] [media_pr] Media file missing while DB still references it - post ID: 19, path: img/f9537248160e4c67a55ba7da14d9fe90.png
2026-09-02 22:22:03.368 [WARN ] [media_pr] Media file missing while DB still references it - post ID: 24, path: img/f9537248160e4c67a55ba7da14d9fe90.png
2026-09-02 22:22:03.368 [WARN ] [media_pr] Media file missing while DB still references it - post ID: 25, path: img/f9537248160e4c67a55ba7da14d9fe90.png
2026-09-02 22:22:03.368 [WARN ] [media_pr] Media file missing while DB still references it - post ID: 43, path: img/f9537248160e4c67a55ba7da14d9fe90.png
2026-09-02 22:22:03.518 [WARN ] [media_pr] Media file missing while DB still references it - post ID: 19, path: img/f9537248160e4c67a55ba7da14d9fe90.png
2026-09-02 22:22:03.518 [WARN ] [media_pr] Media file missing while DB still references it - post ID: 24, path: img/f9537248160e4c67a55ba7da14d9fe90.png
2026-09-02 22:22:03.518 [WARN ] [media_pr] Media file missing while DB still references it - post ID: 25, path: img/f9537248160e4c67a55ba7da14d9fe90.png
2026-09-02 22:22:03.518 [WARN ] [media_pr] Media file missing while DB still references it - post ID: 43, path: img/f9537248160e4c67a55ba7da14d9fe90.png
2026-09-02 22:22:03.661 [WARN ] [media_pr] Media file missing while DB still references it - post ID: 19, path: img/f9537248160e4c67a55ba7da14d9fe90.png
2026-09-02 22:22:03.661 [WARN ] [media_pr] Media file missing while DB still references it - post ID: 24, path: img/f9537248160e4c67a55ba7da14d9fe90.png
2026-09-02 22:22:03.661 [WARN ] [media_pr] Media file missing while DB still references it - post ID: 25, path: img/f9537248160e4c67a55ba7da14d9fe90.png
2026-09-02 22:22:03.662 [WARN ] [media_pr] Media file missing while DB still references it - post ID: 43, path: img/f9537248160e4c67a55ba7da14d9fe90.png
2026-09-02 22:22:03.819 [WARN ] [media_pr] Media file missing while DB still references it - post ID: 19, path: img/f9537248160e4c67a55ba7da14d9fe90.png
2026-09-02 22:22:03.819 [WARN ] [media_pr] Media file missing while DB still references it - post ID: 24, path: img/f9537248160e4c67a55ba7da14d9fe90.png
2026-09-02 22:22:03.819 [WARN ] [media_pr] Media file missing while DB still references it - post ID: 25, path: img/f9537248160e4c67a55ba7da14d9fe90.png
2026-09-02 22:22:03.819 [WARN ] [media_pr] Media file missing while DB still references it - post ID: 43, path: img/f9537248160e4c67a55ba7da14d9fe90.png
2026-09-02 22:22:03.992 [WARN ] [media_pr] Media file missing while DB still references it - post ID: 19, path: img/f9537248160e4c67a55ba7da14d9fe90.png
2026-09-02 22:22:03.993 [WARN ] [media_pr] Media file missing while DB still references it - post ID: 24, path: img/f9537248160e4c67a55ba7da14d9fe90.png
2026-09-02 22:22:03.993 [WARN ] [media_pr] Media file missing while DB still references it - post ID: 25, path: img/f9537248160e4c67a55ba7da14d9fe90.png
2026-09-02 22:22:03.993 [WARN ] [media_pr] Media file missing while DB still references it - post ID: 43, path: img/f9537248160e4c67a55ba7da14d9fe90.png
2026-09-02 22:22:04.134 [WARN ] [media_pr] Media file missing while DB still references it - post ID: 19, path: img/f9537248160e4c67a55ba7da14d9fe90.png
2026-09-02 22:22:04.134 [WARN ] [media_pr] Media file missing while DB still references it - post ID: 24, path: img/f9537248160e4c67a55ba7da14d9fe90.png
2026-09-02 22:22:04.135 [WARN ] [media_pr] Media file missing while DB still references it - post ID: 25, path: img/f9537248160e4c67a55ba7da14d9fe90.png
2026-09-02 22:22:04.135 [WARN ] [media_pr] Media file missing while DB still references it - post ID: 43, path: img/f9537248160e4c67a55ba7da14d9fe90.png
2026-09-02 22:22:04.276 [WARN ] [media_pr] Media file missing while DB still references it - post ID: 19, path: img/f9537248160e4c67a55ba7da14d9fe90.png
2026-09-02 22:22:04.277 [WARN ] [media_pr] Media file missing while DB still references it - post ID: 24, path: img/f9537248160e4c67a55ba7da14d9fe90.png
2026-09-02 22:22:04.277 [WARN ] [media_pr] Media file missing while DB still references it - post ID: 25, path: img/f9537248160e4c67a55ba7da14d9fe90.png
2026-09-02 22:22:04.277 [WARN ] [media_pr] Media file missing while DB still references it - post ID: 43, path: img/f9537248160e4c67a55ba7da14d9fe90.png
2026-09-02 22:22:04.435 [WARN ] [media_pr] Media file missing while DB still references it - post ID: 19, path: img/f9537248160e4c67a55ba7da14d9fe90.png
2026-09-02 22:22:04.435 [WARN ] [media_pr] Media file missing while DB still references it - post ID: 24, path: img/f9537248160e4c67a55ba7da14d9fe90.png
2026-09-02 22:22:04.435 [WARN ] [media_pr] Media file missing while DB still references it - post ID: 25, path: img/f9537248160e4c67a55ba7da14d9fe90.png
2026-09-02 22:22:04.435 [WARN ] [media_pr] Media file missing while DB still references it - post ID: 43, path: img/f9537248160e4c67a55ba7da14d9fe90.png
2026-09-02 22:22:04.568 [WARN ] [media_pr] Media file missing while DB still references it - post ID: 19, path: img/f9537248160e4c67a55ba7da14d9fe90.png
2026-09-02 22:22:04.569 [WARN ] [media_pr] Media file missing while DB still references it - post ID: 24, path: img/f9537248160e4c67a55ba7da14d9fe90.png
2026-09-02 22:22:04.569 [WARN ] [media_pr] Media file missing while DB still references it - post ID: 25, path: img/f9537248160e4c67a55ba7da14d9fe90.png
2026-09-02 22:22:04.569 [WARN ] [media_pr] Media file missing while DB still references it - post ID: 43, path: img/f9537248160e4c67a55ba7da14d9fe90.png
2026-09-02 22:22:04.709 [WARN ] [media_pr] Media file missing while DB still references it - post ID: 19, path: img/f9537248160e4c67a55ba7da14d9fe90.png
2026-09-02 22:22:04.709 [WARN ] [media_pr] Media file missing while DB still references it - post ID: 24, path: img/f9537248160e4c67a55ba7da14d9fe90.png
2026-09-02 22:22:04.709 [WARN ] [media_pr] Media file missing while DB still references it - post ID: 25, path: img/f9537248160e4c67a55ba7da14d9fe90.png
2026-09-02 22:22:04.709 [WARN ] [media_pr] Media file missing while DB still references it - post ID: 43, path: img/f9537248160e4c67a55ba7da14d9fe90.png
2026-09-02 22:22:04.893 [WARN ] [media_pr] Media file missing while DB still references it - post ID: 19, path: img/f9537248160e4c67a55ba7da14d9fe90.png
2026-09-02 22:22:04.894 [WARN ] [media_pr] Media file missing while DB still references it - post ID: 24, path: img/f9537248160e4c67a55ba7da14d9fe90.png
2026-09-02 22:22:04.894 [WARN ] [media_pr] Media file missing while DB still references it - post ID: 25, path: img/f9537248160e4c67a55ba7da14d9fe90.png
2026-09-02 22:22:04.894 [WARN ] [media_pr] Media file missing while DB still references it - post ID: 43, path: img/f9537248160e4c67a55ba7da14d9fe90.png
2026-09-02 22:22:05.017 [WARN ] [media_pr] Media file missing while DB still references it - post ID: 19, path: img/f9537248160e4c67a55ba7da14d9fe90.png
2026-09-02 22:22:05.018 [WARN ] [media_pr] Media file missing while DB still references it - post ID: 24, path: img/f9537248160e4c67a55ba7da14d9fe90.png
2026-09-02 22:22:05.018 [WARN ] [media_pr] Media file missing while DB still references it - post ID: 25, path: img/f9537248160e4c67a55ba7da14d9fe90.png
2026-09-02 22:22:05.018 [WARN ] [media_pr] Media file missing while DB still references it - post ID: 43, path: img/f9537248160e4c67a55ba7da14d9fe90.png
2026-09-02 22:22:05.176 [WARN ] [media_pr] Media file missing while DB still references it - post ID: 19, path: img/f9537248160e4c67a55ba7da14d9fe90.png
2026-09-02 22:22:05.177 [WARN ] [media_pr] Media file missing while DB still references it - post ID: 24, path: img/f9537248160e4c67a55ba7da14d9fe90.png
2026-09-02 22:22:05.177 [WARN ] [media_pr] Media file missing while DB still references it - post ID: 25, path: img/f9537248160e4c67a55ba7da14d9fe90.png
2026-09-02 22:22:05.177 [WARN ] [media_pr] Media file missing while DB still references it - post ID: 43, path: img/f9537248160e4c67a55ba7da14d9fe90.png
2026-09-02 22:22:05.343 [WARN ] [media_pr] Media file missing while DB still references it - post ID: 19, path: img/f9537248160e4c67a55ba7da14d9fe90.png
2026-09-02 22:22:05.343 [WARN ] [media_pr] Media file missing while DB still references it - post ID: 24, path: img/f9537248160e4c67a55ba7da14d9fe90.png
2026-09-02 22:22:05.343 [WARN ] [media_pr] Media file missing while DB still references it - post ID: 25, path: img/f9537248160e4c67a55ba7da14d9fe90.png
2026-09-02 22:22:05.343 [WARN ] [media_pr] Media file missing while DB still references it - post ID: 43, path: img/f9537248160e4c67a55ba7da14d9fe90.png
2026-09-02 22:22:05.475 [WARN ] [media_pr] Media file missing while DB still references it - post ID: 19, path: img/f9537248160e4c67a55ba7da14d9fe90.png
2026-09-02 22:22:05.475 [WARN ] [media_pr] Media file missing while DB still references it - post ID: 24, path: img/f9537248160e4c67a55ba7da14d9fe90.png
2026-09-02 22:22:05.475 [WARN ] [media_pr] Media file missing while DB still references it - post ID: 25, path: img/f9537248160e4c67a55ba7da14d9fe90.png
2026-09-02 22:22:05.475 [WARN ] [media_pr] Media file missing while DB still references it - post ID: 43, path: img/f9537248160e4c67a55ba7da14d9fe90.png
2026-09-02 22:22:05.601 [WARN ] [media_pr] Media file missing while DB still references it - post ID: 19, path: img/f9537248160e4c67a55ba7da14d9fe90.png
2026-09-02 22:22:05.601 [WARN ] [media_pr] Media file missing while DB still references it - post ID: 24, path: img/f9537248160e4c67a55ba7da14d9fe90.png
2026-09-02 22:22:05.601 [WARN ] [media_pr] Media file missing while DB still references it - post ID: 25, path: img/f9537248160e4c67a55ba7da14d9fe90.png
2026-09-02 22:22:05.601 [WARN ] [media_pr] Media file missing while DB still references it - post ID: 43, path: img/f9537248160e4c67a55ba7da14d9fe90.png
2026-09-02 22:22:05.762 [WARN ] [media_pr] Media file missing while DB still references it - post ID: 19, path: img/f9537248160e4c67a55ba7da14d9fe90.png
2026-09-02 22:22:05.763 [WARN ] [media_pr] Media file missing while DB still references it - post ID: 24, path: img/f9537248160e4c67a55ba7da14d9fe90.png
2026-09-02 22:22:05.763 [WARN ] [media_pr] Media file missing while DB still references it - post ID: 25, path: img/f9537248160e4c67a55ba7da14d9fe90.png
2026-09-02 22:22:05.763 [WARN ] [media_pr] Media file missing while DB still references it - post ID: 43, path: img/f9537248160e4c67a55ba7da14d9fe90.png
2026-09-02 22:22:05.917 [WARN ] [media_pr] Media file missing while DB still references it - post ID: 19, path: img/f9537248160e4c67a55ba7da14d9fe90.png
2026-09-02 22:22:05.918 [WARN ] [media_pr] Media file missing while DB still references it - post ID: 24, path: img/f9537248160e4c67a55ba7da14d9fe90.png
2026-09-02 22:22:05.918 [WARN ] [media_pr] Media file missing while DB still references it - post ID: 25, path: img/f9537248160e4c67a55ba7da14d9fe90.png
2026-09-02 22:22:05.918 [WARN ] [media_pr] Media file missing while DB still references it - post ID: 43, path: img/f9537248160e4c67a55ba7da14d9fe90.png
2026-09-02 22:22:06.052 [WARN ] [media_pr] Media file missing while DB still references it - post ID: 19, path: img/f9537248160e4c67a55ba7da14d9fe90.png
2026-09-02 22:22:06.052 [WARN ] [media_pr] Media file missing while DB still references it - post ID: 24, path: img/f9537248160e4c67a55ba7da14d9fe90.png
2026-09-02 22:22:06.052 [WARN ] [media_pr] Media file missing while DB still references it - post ID: 25, path: img/f9537248160e4c67a55ba7da14d9fe90.png
2026-09-02 22:22:06.052 [WARN ] [media_pr] Media file missing while DB still references it - post ID: 43, path: img/f9537248160e4c67a55ba7da14d9fe90.png
2026-09-02 22:22:06.234 [WARN ] [media_pr] Media file missing while DB still references it - post ID: 19, path: img/f9537248160e4c67a55ba7da14d9fe90.png
2026-09-02 22:22:06.234 [WARN ] [media_pr] Media file missing while DB still references it - post ID: 24, path: img/f9537248160e4c67a55ba7da14d9fe90.png
2026-09-02 22:22:06.234 [WARN ] [media_pr] Media file missing while DB still references it - post ID: 25, path: img/f9537248160e4c67a55ba7da14d9fe90.png
2026-09-02 22:22:06.234 [WARN ] [media_pr] Media file missing while DB still references it - post ID: 43, path: img/f9537248160e4c67a55ba7da14d9fe90.png
2026-09-02 22:22:06.368 [WARN ] [media_pr] Media file missing while DB still references it - post ID: 19, path: img/f9537248160e4c67a55ba7da14d9fe90.png
2026-09-02 22:22:06.368 [WARN ] [media_pr] Media file missing while DB still references it - post ID: 24, path: img/f9537248160e4c67a55ba7da14d9fe90.png
2026-09-02 22:22:06.368 [WARN ] [media_pr] Media file missing while DB still references it - post ID: 25, path: img/f9537248160e4c67a55ba7da14d9fe90.png
2026-09-02 22:22:06.368 [WARN ] [media_pr] Media file missing while DB still references it - post ID: 43, path: img/f9537248160e4c67a55ba7da14d9fe90.png
2026-09-02 22:22:06.509 [WARN ] [media_pr] Media file missing while DB still references it - post ID: 19, path: img/f9537248160e4c67a55ba7da14d9fe90.png
2026-09-02 22:22:06.509 [WARN ] [media_pr] Media file missing while DB still references it - post ID: 24, path: img/f9537248160e4c67a55ba7da14d9fe90.png
2026-09-02 22:22:06.509 [WARN ] [media_pr] Media file missing while DB still references it - post ID: 25, path: img/f9537248160e4c67a55ba7da14d9fe90.png
2026-09-02 22:22:06.509 [WARN ] [media_pr] Media file missing while DB still references it - post ID: 43, path: img/f9537248160e4c67a55ba7da14d9fe90.png
2026-09-02 22:22:06.678 [WARN ] [media_pr] Media file missing while DB still references it - post ID: 19, path: img/f9537248160e4c67a55ba7da14d9fe90.png
2026-09-02 22:22:06.678 [WARN ] [media_pr] Media file missing while DB still references it - post ID: 24, path: img/f9537248160e4c67a55ba7da14d9fe90.png
2026-09-02 22:22:06.678 [WARN ] [media_pr] Media file missing while DB still references it - post ID: 25, path: img/f9537248160e4c67a55ba7da14d9fe90.png
2026-09-02 22:22:06.678 [WARN ] [media_pr] Media file missing while DB still references it - post ID: 43, path: img/f9537248160e4c67a55ba7da14d9fe90.png
2026-09-02 22:22:06.824 [WARN ] [media_pr] Media file missing while DB still references it - post ID: 19, path: img/f9537248160e4c67a55ba7da14d9fe90.png
2026-09-02 22:22:06.825 [WARN ] [media_pr] Media file missing while DB still references it - post ID: 24, path: img/f9537248160e4c67a55ba7da14d9fe90.png
2026-09-02 22:22:06.825 [WARN ] [media_pr] Media file missing while DB still references it - post ID: 25, path: img/f9537248160e4c67a55ba7da14d9fe90.png
2026-09-02 22:22:06.825 [WARN ] [media_pr] Media file missing while DB still references it - post ID: 43, path: img/f9537248160e4c67a55ba7da14d9fe90.png
2026-09-02 22:22:06.959 [WARN ] [media_pr] Media file missing while DB still references it - post ID: 19, path: img/f9537248160e4c67a55ba7da14d9fe90.png
2026-09-02 22:22:06.959 [WARN ] [media_pr] Media file missing while DB still references it - post ID: 24, path: img/f9537248160e4c67a55ba7da14d9fe90.png
2026-09-02 22:22:06.959 [WARN ] [media_pr] Media file missing while DB still references it - post ID: 25, path: img/f9537248160e4c67a55ba7da14d9fe90.png
2026-09-02 22:22:06.959 [WARN ] [media_pr] Media file missing while DB still references it - post ID: 43, path: img/f9537248160e4c67a55ba7da14d9fe90.png
2026-09-02 22:22:07.134 [WARN ] [media_pr] Media file missing while DB still references it - post ID: 19, path: img/f9537248160e4c67a55ba7da14d9fe90.png
2026-09-02 22:22:07.134 [WARN ] [media_pr] Media file missing while DB still references it - post ID: 24, path: img/f9537248160e4c67a55ba7da14d9fe90.png
2026-09-02 22:22:07.134 [WARN ] [media_pr] Media file missing while DB still references it - post ID: 25, path: img/f9537248160e4c67a55ba7da14d9fe90.png
2026-09-02 22:22:07.134 [WARN ] [media_pr] Media file missing while DB still references it - post ID: 43, path: img/f9537248160e4c67a55ba7da14d9fe90.png
2026-09-02 22:22:07.276 [WARN ] [media_pr] Media file missing while DB still references it - post ID: 19, path: img/f9537248160e4c67a55ba7da14d9fe90.png
2026-09-02 22:22:07.277 [WARN ] [media_pr] Media file missing while DB still references it - post ID: 24, path: img/f9537248160e4c67a55ba7da14d9fe90.png
2026-09-02 22:22:07.277 [WARN ] [media_pr] Media file missing while DB still references it - post ID: 25, path: img/f9537248160e4c67a55ba7da14d9fe90.png
2026-09-02 22:22:07.277 [WARN ] [media_pr] Media file missing while DB still references it - post ID: 43, path: img/f9537248160e4c67a55ba7da14d9fe90.png
2026-09-02 22:22:07.401 [WARN ] [media_pr] Media file missing while DB still references it - post ID: 19, path: img/f9537248160e4c67a55ba7da14d9fe90.png
2026-09-02 22:22:07.402 [WARN ] [media_pr] Media file missing while DB still references it - post ID: 24, path: img/f9537248160e4c67a55ba7da14d9fe90.png
2026-09-02 22:22:07.402 [WARN ] [media_pr] Media file missing while DB still references it - post ID: 25, path: img/f9537248160e4c67a55ba7da14d9fe90.png
2026-09-02 22:22:07.402 [WARN ] [media_pr] Media file missing while DB still references it - post ID: 43, path: img/f9537248160e4c67a55ba7da14d9fe90.png
2026-09-02 22:22:07.568 [WARN ] [media_pr] Media file missing while DB still references it - post ID: 19, path: img/f9537248160e4c67a55ba7da14d9fe90.png
2026-09-02 22:22:07.568 [WARN ] [media_pr] Media file missing while DB still references it - post ID: 24, path: img/f9537248160e4c67a55ba7da14d9fe90.png
2026-09-02 22:22:07.568 [WARN ] [media_pr] Media file missing while DB still references it - post ID: 25, path: img/f9537248160e4c67a55ba7da14d9fe90.png
2026-09-02 22:22:07.568 [WARN ] [media_pr] Media file missing while DB still references it - post ID: 43, path: img/f9537248160e4c67a55ba7da14d9fe90.png
2026-09-02 22:22:07.701 [WARN ] [media_pr] Media file missing while DB still references it - post ID: 19, path: img/f9537248160e4c67a55ba7da14d9fe90.png
2026-09-02 22:22:07.701 [WARN ] [media_pr] Media file missing while DB still references it - post ID: 24, path: img/f9537248160e4c67a55ba7da14d9fe90.png
2026-09-02 22:22:07.701 [WARN ] [media_pr] Media file missing while DB still references it - post ID: 25, path: img/f9537248160e4c67a55ba7da14d9fe90.png
2026-09-02 22:22:07.701 [WARN ] [media_pr] Media file missing while DB still references it - post ID: 43, path: img/f9537248160e4c67a55ba7da14d9fe90.png
2026-09-02 22:22:07.835 [WARN ] [media_pr] Media file missing while DB still references it - post ID: 19, path: img/f9537248160e4c67a55ba7da14d9fe90.png
2026-09-02 22:22:07.835 [WARN ] [media_pr] Media file missing while DB still references it - post ID: 24, path: img/f9537248160e4c67a55ba7da14d9fe90.png
2026-09-02 22:22:07.835 [WARN ] [media_pr] Media file missing while DB still references it - post ID: 25, path: img/f9537248160e4c67a55ba7da14d9fe90.png
2026-09-02 22:22:07.835 [WARN ] [media_pr] Media file missing while DB still references it - post ID: 43, path: img/f9537248160e4c67a55ba7da14d9fe90.png
2026-09-02 22:22:08.006 [WARN ] [media_pr] Media file missing while DB still references it - post ID: 19, path: img/f9537248160e4c67a55ba7da14d9fe90.png
2026-09-02 22:22:08.006 [WARN ] [media_pr] Media file missing while DB still references it - post ID: 24, path: img/f9537248160e4c67a55ba7da14d9fe90.png
2026-09-02 22:22:08.006 [WARN ] [media_pr] Media file missing while DB still references it - post ID: 25, path: img/f9537248160e4c67a55ba7da14d9fe90.png
2026-09-02 22:22:08.006 [WARN ] [media_pr] Media file missing while DB still references it - post ID: 43, path: img/f9537248160e4c67a55ba7da14d9fe90.png
2026-09-02 22:22:08.159 [WARN ] [media_pr] Media file missing while DB still references it - post ID: 19, path: img/f9537248160e4c67a55ba7da14d9fe90.png
2026-09-02 22:22:08.159 [WARN ] [media_pr] Media file missing while DB still references it - post ID: 24, path: img/f9537248160e4c67a55ba7da14d9fe90.png
2026-09-02 22:22:08.159 [WARN ] [media_pr] Media file missing while DB still references it - post ID: 25, path: img/f9537248160e4c67a55ba7da14d9fe90.png
2026-09-02 22:22:08.159 [WARN ] [media_pr] Media file missing while DB still references it - post ID: 43, path: img/f9537248160e4c67a55ba7da14d9fe90.png
2026-09-02 22:22:08.292 [WARN ] [media_pr] Media file missing while DB still references it - post ID: 19, path: img/f9537248160e4c67a55ba7da14d9fe90.png
2026-09-02 22:22:08.293 [WARN ] [media_pr] Media file missing while DB still references it - post ID: 24, path: img/f9537248160e4c67a55ba7da14d9fe90.png
2026-09-02 22:22:08.293 [WARN ] [media_pr] Media file missing while DB still references it - post ID: 25, path: img/f9537248160e4c67a55ba7da14d9fe90.png
2026-09-02 22:22:08.293 [WARN ] [media_pr] Media file missing while DB still references it - post ID: 43, path: img/f9537248160e4c67a55ba7da14d9fe90.png
2026-09-02 22:22:08.459 [WARN ] [media_pr] Media file missing while DB still references it - post ID: 19, path: img/f9537248160e4c67a55ba7da14d9fe90.png
2026-09-02 22:22:08.459 [WARN ] [media_pr] Media file missing while DB still references it - post ID: 24, path: img/f9537248160e4c67a55ba7da14d9fe90.png
2026-09-02 22:22:08.459 [WARN ] [media_pr] Media file missing while DB still references it - post ID: 25, path: img/f9537248160e4c67a55ba7da14d9fe90.png
2026-09-02 22:22:08.459 [WARN ] [media_pr] Media file missing while DB still references it - post ID: 43, path: img/f9537248160e4c67a55ba7da14d9fe90.png
2026-09-02 22:22:08.584 [WARN ] [media_pr] Media file missing while DB still references it - post ID: 19, path: img/f9537248160e4c67a55ba7da14d9fe90.png
2026-09-02 22:22:08.584 [WARN ] [media_pr] Media file missing while DB still references it - post ID: 24, path: img/f9537248160e4c67a55ba7da14d9fe90.png
2026-09-02 22:22:08.584 [WARN ] [media_pr] Media file missing while DB still references it - post ID: 25, path: img/f9537248160e4c67a55ba7da14d9fe90.png
2026-09-02 22:22:08.584 [WARN ] [media_pr] Media file missing while DB still references it - post ID: 43, path: img/f9537248160e4c67a55ba7da14d9fe90.png
2026-09-02 22:22:08.709 [WARN ] [media_pr] Media file missing while DB still references it - post ID: 19, path: img/f9537248160e4c67a55ba7da14d9fe90.png
2026-09-02 22:22:08.709 [WARN ] [media_pr] Media file missing while DB still references it - post ID: 24, path: img/f9537248160e4c67a55ba7da14d9fe90.png
2026-09-02 22:22:08.709 [WARN ] [media_pr] Media file missing while DB still references it - post ID: 25, path: img/f9537248160e4c67a55ba7da14d9fe90.png
2026-09-02 22:22:08.709 [WARN ] [media_pr] Media file missing while DB still references it - post ID: 43, path: img/f9537248160e4c67a55ba7da14d9fe90.png
2026-09-02 22:22:08.876 [WARN ] [media_pr] Media file missing while DB still references it - post ID: 19, path: img/f9537248160e4c67a55ba7da14d9fe90.png
2026-09-02 22:22:08.876 [WARN ] [media_pr] Media file missing while DB still references it - post ID: 24, path: img/f9537248160e4c67a55ba7da14d9fe90.png
2026-09-02 22:22:08.876 [WARN ] [media_pr] Media file missing while DB still references it - post ID: 25, path: img/f9537248160e4c67a55ba7da14d9fe90.png
2026-09-02 22:22:08.876 [WARN ] [media_pr] Media file missing while DB still references it - post ID: 43, path: img/f9537248160e4c67a55ba7da14d9fe90.png
2026-09-02 22:22:09.000 [WARN ] [media_pr] Media file missing while DB still references it - post ID: 19, path: img/f9537248160e4c67a55ba7da14d9fe90.png
2026-09-02 22:22:09.000 [WARN ] [media_pr] Media file missing while DB still references it - post ID: 24, path: img/f9537248160e4c67a55ba7da14d9fe90.png
2026-09-02 22:22:09.000 [WARN ] [media_pr] Media file missing while DB still references it - post ID: 25, path: img/f9537248160e4c67a55ba7da14d9fe90.png
2026-09-02 22:22:09.000 [WARN ] [media_pr] Media file missing while DB still references it - post ID: 43, path: img/f9537248160e4c67a55ba7da14d9fe90.png
2026-09-02 22:22:09.125 [WARN ] [media_pr] Media file missing while DB still references it - post ID: 19, path: img/f9537248160e4c67a55ba7da14d9fe90.png
2026-09-02 22:22:09.126 [WARN ] [media_pr] Media file missing while DB still references it - post ID: 24, path: img/f9537248160e4c67a55ba7da14d9fe90.png
2026-09-02 22:22:09.126 [WARN ] [media_pr] Media file missing while DB still references it - post ID: 25, path: img/f9537248160e4c67a55ba7da14d9fe90.png
2026-09-02 22:22:09.126 [WARN ] [media_pr] Media file missing while DB still references it - post ID: 43, path: img/f9537248160e4c67a55ba7da14d9fe90.png
2026-09-02 22:22:09.284 [WARN ] [media_pr] Media file missing while DB still references it - post ID: 19, path: img/f9537248160e4c67a55ba7da14d9fe90.png
2026-09-02 22:22:09.284 [WARN ] [media_pr] Media file missing while DB still references it - post ID: 24, path: img/f9537248160e4c67a55ba7da14d9fe90.png
2026-09-02 22:22:09.284 [WARN ] [media_pr] Media file missing while DB still references it - post ID: 25, path: img/f9537248160e4c67a55ba7da14d9fe90.png
2026-09-02 22:22:09.285 [WARN ] [media_pr] Media file missing while DB still references it - post ID: 43, path: img/f9537248160e4c67a55ba7da14d9fe90.png
2026-09-02 22:22:09.409 [WARN ] [media_pr] Media file missing while DB still references it - post ID: 19, path: img/f9537248160e4c67a55ba7da14d9fe90.png
2026-09-02 22:22:09.409 [WARN ] [media_pr] Media file missing while DB still references it - post ID: 24, path: img/f9537248160e4c67a55ba7da14d9fe90.png
2026-09-02 22:22:09.409 [WARN ] [media_pr] Media file missing while DB still references it - post ID: 25, path: img/f9537248160e4c67a55ba7da14d9fe90.png
2026-09-02 22:22:09.409 [WARN ] [media_pr] Media file missing while DB still references it - post ID: 43, path: img/f9537248160e4c67a55ba7da14d9fe90.png
2026-09-02 22:22:09.542 [WARN ] [media_pr] Media file missing while DB still references it - post ID: 19, path: img/f9537248160e4c67a55ba7da14d9fe90.png
2026-09-02 22:22:09.542 [WARN ] [media_pr] Media file missing while DB still references it - post ID: 24, path: img/f9537248160e4c67a55ba7da14d9fe90.png
2026-09-02 22:22:09.543 [WARN ] [media_pr] Media file missing while DB still references it - post ID: 25, path: img/f9537248160e4c67a55ba7da14d9fe90.png
2026-09-02 22:22:09.543 [WARN ] [media_pr] Media file missing while DB still references it - post ID: 43, path: img/f9537248160e4c67a55ba7da14d9fe90.png
2026-09-02 22:22:09.706 [WARN ] [media_pr] Media file missing while DB still references it - post ID: 19, path: img/f9537248160e4c67a55ba7da14d9fe90.png
2026-09-02 22:22:09.707 [WARN ] [media_pr] Media file missing while DB still references it - post ID: 24, path: img/f9537248160e4c67a55ba7da14d9fe90.png
2026-09-02 22:22:09.707 [WARN ] [media_pr] Media file missing while DB still references it - post ID: 25, path: img/f9537248160e4c67a55ba7da14d9fe90.png
2026-09-02 22:22:09.707 [WARN ] [media_pr] Media file missing while DB still references it - post ID: 43, path: img/f9537248160e4c67a55ba7da14d9fe90.png

[server exited code=0 signal=null]
2026-09-02 22:22:25.288 [WARN ] [detect  ] Ffmpeg not detected - video thumbnails and transcoding disabled - available: no, ffmpeg path: __rustchan_e2e_no_ffmpeg__
2026-09-02 22:22:25.290 [WARN ] [detect  ] Ffprobe not detected - WebM codec inspection will fail for uploads that need it - available: no, ffprobe path: __rustchan_e2e_no_ffprobe__
2026-09-02 22:22:26.094 [WARN ] [media_pr] Media file missing while DB still references it - post ID: 19, path: img/f9537248160e4c67a55ba7da14d9fe90.png
2026-09-02 22:22:26.095 [WARN ] [media_pr] Media file missing while DB still references it - post ID: 24, path: img/f9537248160e4c67a55ba7da14d9fe90.png
2026-09-02 22:22:26.095 [WARN ] [media_pr] Media file missing while DB still references it - post ID: 25, path: img/f9537248160e4c67a55ba7da14d9fe90.png
2026-09-02 22:22:26.095 [WARN ] [media_pr] Media file missing while DB still references it - post ID: 43, path: img/f9537248160e4c67a55ba7da14d9fe90.png
$ /var/folders/sl/yxxj_m9n37sgntkntqw0x8yw0000gn/T/rustchan-e2e-2-6iS5Yk/bin/rustchan-cli admin create-board lifa0cad Lifecycle Board 
✓ Board /lifa0cad/ — Lifecycle Board created (id=47).  images:yes video:yes audio:no

2026-09-02 22:22:28.243 [WARN ] [media_pr] Media file missing while DB still references it - post ID: 19, path: img/f9537248160e4c67a55ba7da14d9fe90.png
2026-09-02 22:22:28.244 [WARN ] [media_pr] Media file missing while DB still references it - post ID: 24, path: img/f9537248160e4c67a55ba7da14d9fe90.png
2026-09-02 22:22:28.244 [WARN ] [media_pr] Media file missing while DB still references it - post ID: 25, path: img/f9537248160e4c67a55ba7da14d9fe90.png
2026-09-02 22:22:28.244 [WARN ] [media_pr] Media file missing while DB still references it - post ID: 43, path: img/f9537248160e4c67a55ba7da14d9fe90.png
2026-09-02 22:22:28.310 [WARN ] [media_pr] Media file missing while DB still references it - post ID: 19, path: img/f9537248160e4c67a55ba7da14d9fe90.png
2026-09-02 22:22:28.311 [WARN ] [media_pr] Media file missing while DB still references it - post ID: 24, path: img/f9537248160e4c67a55ba7da14d9fe90.png
2026-09-02 22:22:28.311 [WARN ] [media_pr] Media file missing while DB still references it - post ID: 25, path: img/f9537248160e4c67a55ba7da14d9fe90.png
2026-09-02 22:22:28.311 [WARN ] [media_pr] Media file missing while DB still references it - post ID: 43, path: img/f9537248160e4c67a55ba7da14d9fe90.png
2026-09-02 22:22:28.331 [WARN ] [media_pr] Media file missing while DB still references it - post ID: 19, path: img/f9537248160e4c67a55ba7da14d9fe90.png
2026-09-02 22:22:28.331 [WARN ] [media_pr] Media file missing while DB still references it - post ID: 24, path: img/f9537248160e4c67a55ba7da14d9fe90.png
2026-09-02 22:22:28.331 [WARN ] [media_pr] Media file missing while DB still references it - post ID: 25, path: img/f9537248160e4c67a55ba7da14d9fe90.png
2026-09-02 22:22:28.331 [WARN ] [media_pr] Media file missing while DB still references it - post ID: 43, path: img/f9537248160e4c67a55ba7da14d9fe90.png
2026-09-02 22:22:28.349 [WARN ] [media_pr] Media file missing while DB still references it - post ID: 19, path: img/f9537248160e4c67a55ba7da14d9fe90.png
2026-09-02 22:22:28.349 [WARN ] [media_pr] Media file missing while DB still references it - post ID: 24, path: img/f9537248160e4c67a55ba7da14d9fe90.png
2026-09-02 22:22:28.349 [WARN ] [media_pr] Media file missing while DB still references it - post ID: 25, path: img/f9537248160e4c67a55ba7da14d9fe90.png
2026-09-02 22:22:28.349 [WARN ] [media_pr] Media file missing while DB still references it - post ID: 43, path: img/f9537248160e4c67a55ba7da14d9fe90.png
2026-09-02 22:22:30.034 [WARN ] [media_pr] Media file missing while DB still references it - post ID: 19, path: img/f9537248160e4c67a55ba7da14d9fe90.png
2026-09-02 22:22:30.034 [WARN ] [media_pr] Media file missing while DB still references it - post ID: 24, path: img/f9537248160e4c67a55ba7da14d9fe90.png
2026-09-02 22:22:30.034 [WARN ] [media_pr] Media file missing while DB still references it - post ID: 25, path: img/f9537248160e4c67a55ba7da14d9fe90.png
2026-09-02 22:22:30.034 [WARN ] [media_pr] Media file missing while DB still references it - post ID: 43, path: img/f9537248160e4c67a55ba7da14d9fe90.png
