$ /var/folders/sl/yxxj_m9n37sgntkntqw0x8yw0000gn/T/rustchan-e2e-11-aM6iMG/bin/rustchan-cli admin create-admin admin AdminPass123!
Created settings.toml (/var/folders/sl/yxxj_m9n37sgntkntqw0x8yw0000gn/T/rustchan-e2e-11-aM6iMG/bin/rustchan-data/settings.toml)
✓ Admin 'admin' created (id=1).

$ /var/folders/sl/yxxj_m9n37sgntkntqw0x8yw0000gn/T/rustchan-e2e-11-aM6iMG/bin/rustchan-cli admin create-board pub Public Board General public discussion
✓ Board /pub/ — Public Board created (id=1).  images:yes video:yes audio:no

$ /var/folders/sl/yxxj_m9n37sgntkntqw0x8yw0000gn/T/rustchan-e2e-11-aM6iMG/bin/rustchan-cli admin create-board img Images Image upload board
✓ Board /img/ — Images created (id=2).  images:yes video:yes audio:no

$ /var/folders/sl/yxxj_m9n37sgntkntqw0x8yw0000gn/T/rustchan-e2e-11-aM6iMG/bin/rustchan-cli admin create-board vid Video Video upload board
✓ Board /vid/ — Video created (id=3).  images:yes video:yes audio:no

$ /var/folders/sl/yxxj_m9n37sgntkntqw0x8yw0000gn/T/rustchan-e2e-11-aM6iMG/bin/rustchan-cli admin create-board aud Audio Audio upload board --audio
✓ Board /aud/ — Audio created (id=4).  images:yes video:yes audio:yes

$ /var/folders/sl/yxxj_m9n37sgntkntqw0x8yw0000gn/T/rustchan-e2e-11-aM6iMG/bin/rustchan-cli admin create-board nsfw NSFW Board Adult test board --nsfw
✓ Board /nsfw/ — NSFW Board [NSFW] created (id=5).  images:yes video:yes audio:no

$ /var/folders/sl/yxxj_m9n37sgntkntqw0x8yw0000gn/T/rustchan-e2e-11-aM6iMG/bin/rustchan-cli admin create-board txt Text Only Uploads disabled --no-images --no-videos
✓ Board /txt/ — Text Only created (id=6).  images:no video:no audio:no

2026-09-02 22:26:43.230 [WARN ] [detect  ] Ffmpeg not detected - video thumbnails and transcoding disabled - available: no, ffmpeg path: __rustchan_e2e_no_ffmpeg__
2026-09-02 22:26:43.232 [WARN ] [detect  ] Ffprobe not detected - WebM codec inspection will fail for uploads that need it - available: no, ffprobe path: __rustchan_e2e_no_ffprobe__
$ /var/folders/sl/yxxj_m9n37sgntkntqw0x8yw0000gn/T/rustchan-e2e-11-aM6iMG/bin/rustchan-cli admin create-board adme0032 Admin Controls Public admin controls fixture
✓ Board /adme0032/ — Admin Controls created (id=7).  images:yes video:yes audio:no

2026-09-02 22:26:57.622 [WARN ] [auth    ] Failed admin login - username: adm… (len=5), ip prefix: 12ca17b4, attempts: 1, attempt limit: 5, locked out: no
$ /var/folders/sl/yxxj_m9n37sgntkntqw0x8yw0000gn/T/rustchan-e2e-11-aM6iMG/bin/rustchan-cli admin create-board pdf1127l PDF Board 
✓ Board /pdf1127l/ — PDF Board created (id=9).  images:yes video:yes audio:no

$ /var/folders/sl/yxxj_m9n37sgntkntqw0x8yw0000gn/T/rustchan-e2e-11-aM6iMG/bin/rustchan-cli admin create-board posb7e51 Post Password 
✓ Board /posb7e51/ — Post Password created (id=10).  images:yes video:yes audio:no

$ /var/folders/sl/yxxj_m9n37sgntkntqw0x8yw0000gn/T/rustchan-e2e-11-aM6iMG/bin/rustchan-cli admin create-board pwc73865 Password Change 
✓ Board /pwc73865/ — Password Change created (id=11).  images:yes video:yes audio:no

$ /var/folders/sl/yxxj_m9n37sgntkntqw0x8yw0000gn/T/rustchan-e2e-11-aM6iMG/bin/rustchan-cli admin create-board den992c4 Own Post Denials 
✓ Board /den992c4/ — Own Post Denials created (id=12).  images:yes video:yes audio:no

$ /var/folders/sl/yxxj_m9n37sgntkntqw0x8yw0000gn/T/rustchan-e2e-11-aM6iMG/bin/rustchan-cli admin create-board lif62fd8 Lifecycle Board 
✓ Board /lif62fd8/ — Lifecycle Board created (id=13).  images:yes video:yes audio:no

