$ /var/folders/sl/yxxj_m9n37sgntkntqw0x8yw0000gn/T/rustchan-e2e-manual-73mVEo/bin/rustchan-cli admin create-admin admin AdminPass123!
Created settings.toml (/var/folders/sl/yxxj_m9n37sgntkntqw0x8yw0000gn/T/rustchan-e2e-manual-73mVEo/bin/rustchan-data/settings.toml)
✓ Admin 'admin' created (id=1).

$ /var/folders/sl/yxxj_m9n37sgntkntqw0x8yw0000gn/T/rustchan-e2e-manual-73mVEo/bin/rustchan-cli admin create-board pub Public Board General public discussion
✓ Board /pub/ — Public Board created (id=1).  images:yes video:yes audio:no

$ /var/folders/sl/yxxj_m9n37sgntkntqw0x8yw0000gn/T/rustchan-e2e-manual-73mVEo/bin/rustchan-cli admin create-board img Images Image upload board
✓ Board /img/ — Images created (id=2).  images:yes video:yes audio:no

$ /var/folders/sl/yxxj_m9n37sgntkntqw0x8yw0000gn/T/rustchan-e2e-manual-73mVEo/bin/rustchan-cli admin create-board vid Video Video upload board
✓ Board /vid/ — Video created (id=3).  images:yes video:yes audio:no

$ /var/folders/sl/yxxj_m9n37sgntkntqw0x8yw0000gn/T/rustchan-e2e-manual-73mVEo/bin/rustchan-cli admin create-board aud Audio Audio upload board --audio
✓ Board /aud/ — Audio created (id=4).  images:yes video:yes audio:yes

$ /var/folders/sl/yxxj_m9n37sgntkntqw0x8yw0000gn/T/rustchan-e2e-manual-73mVEo/bin/rustchan-cli admin create-board nsfw NSFW Board Adult test board --nsfw
✓ Board /nsfw/ — NSFW Board [NSFW] created (id=5).  images:yes video:yes audio:no

$ /var/folders/sl/yxxj_m9n37sgntkntqw0x8yw0000gn/T/rustchan-e2e-manual-73mVEo/bin/rustchan-cli admin create-board txt Text Only Uploads disabled --no-images --no-videos
✓ Board /txt/ — Text Only created (id=6).  images:no video:no audio:no

2026-09-02 22:30:59.782 [WARN ] [config  ] Tor support is enabled, but tor_only=false. RustChan will accept both clearnet and Tor traffic.
2026-09-02 22:30:59.817 [WARN ] [detect  ] Ffmpeg not detected - video thumbnails and transcoding disabled - available: no, ffmpeg path: __rustchan_e2e_no_ffmpeg__
2026-09-02 22:30:59.818 [WARN ] [detect  ] Ffprobe not detected - WebM codec inspection will fail for uploads that need it - available: no, ffprobe path: __rustchan_e2e_no_ffprobe__
$ /var/folders/sl/yxxj_m9n37sgntkntqw0x8yw0000gn/T/rustchan-e2e-manual-73mVEo/bin/rustchan-cli admin create-board sec Secure Board Password-protected board
✓ Board /sec/ — Secure Board created (id=7).  images:yes video:yes audio:no

2026-09-02 22:31:01.147 [ERROR] [detect  ] Tor: fatal error - error: Tor bootstrap timed out after 1 s — check network connectivity (increase tor_bootstrap_timeout_secs in settings.toml for censored networks), attempt: 0
2026-09-02 22:31:01.147 [WARN ] [detect  ] Tor: scheduling restart - retry in: 30s
