$ /var/folders/sl/yxxj_m9n37sgntkntqw0x8yw0000gn/T/rustchan-e2e-16-ovRed0/bin/rustchan-cli admin create-admin admin AdminPass123!
Created settings.toml (/var/folders/sl/yxxj_m9n37sgntkntqw0x8yw0000gn/T/rustchan-e2e-16-ovRed0/bin/rustchan-data/settings.toml)
✓ Admin 'admin' created (id=1).

$ /var/folders/sl/yxxj_m9n37sgntkntqw0x8yw0000gn/T/rustchan-e2e-16-ovRed0/bin/rustchan-cli admin create-board pub Public Board General public discussion
✓ Board /pub/ — Public Board created (id=1).  images:yes video:yes audio:no

$ /var/folders/sl/yxxj_m9n37sgntkntqw0x8yw0000gn/T/rustchan-e2e-16-ovRed0/bin/rustchan-cli admin create-board img Images Image upload board
✓ Board /img/ — Images created (id=2).  images:yes video:yes audio:no

$ /var/folders/sl/yxxj_m9n37sgntkntqw0x8yw0000gn/T/rustchan-e2e-16-ovRed0/bin/rustchan-cli admin create-board vid Video Video upload board
✓ Board /vid/ — Video created (id=3).  images:yes video:yes audio:no

$ /var/folders/sl/yxxj_m9n37sgntkntqw0x8yw0000gn/T/rustchan-e2e-16-ovRed0/bin/rustchan-cli admin create-board aud Audio Audio upload board --audio
✓ Board /aud/ — Audio created (id=4).  images:yes video:yes audio:yes

$ /var/folders/sl/yxxj_m9n37sgntkntqw0x8yw0000gn/T/rustchan-e2e-16-ovRed0/bin/rustchan-cli admin create-board nsfw NSFW Board Adult test board --nsfw
✓ Board /nsfw/ — NSFW Board [NSFW] created (id=5).  images:yes video:yes audio:no

$ /var/folders/sl/yxxj_m9n37sgntkntqw0x8yw0000gn/T/rustchan-e2e-16-ovRed0/bin/rustchan-cli admin create-board txt Text Only Uploads disabled --no-images --no-videos
✓ Board /txt/ — Text Only created (id=6).  images:no video:no audio:no

2026-09-02 22:31:57.821 [WARN ] [detect  ] Ffmpeg not detected - video thumbnails and transcoding disabled - available: no, ffmpeg path: __rustchan_e2e_no_ffmpeg__
2026-09-02 22:31:57.823 [WARN ] [detect  ] Ffprobe not detected - WebM codec inspection will fail for uploads that need it - available: no, ffprobe path: __rustchan_e2e_no_ffprobe__
2026-09-02 22:32:01.575 [WARN ] [thumbnai] Image thumbnail generation failed; using generic placeholder - MIME type: image/heic, input: /var/folders/sl/yxxj_m9n37sgntkntqw0x8yw0000gn/T/rustchan-e2e-16-ovRed0/bin/rustchan-data/boards/.pending/upload-a4ed93affccb45929d2c89e2e20dfa32/m4e62/e0348122c3bc4e3782c40bc85a3bd35c.heic, error: unsupported image MIME for thumbnail: image/heic
2026-09-02 22:32:01.695 [WARN ] [thumbnai] Image thumbnail generation failed; using generic placeholder - MIME type: image/heif, input: /var/folders/sl/yxxj_m9n37sgntkntqw0x8yw0000gn/T/rustchan-e2e-16-ovRed0/bin/rustchan-data/boards/.pending/upload-4e8d4d15e04749ea86a81a85d919cc30/m4e62/4ddb85a165b147a0aba19636d745b99f.heif, error: unsupported image MIME for thumbnail: image/heif
2026-09-02 22:32:01.986 [WARN ] [storage ] WebM stream kind is ambiguous; storing as a neutral download - path: /var/folders/sl/yxxj_m9n37sgntkntqw0x8yw0000gn/T/rustchan-upload-LZs9O9, error: failed to spawn ffmpeg binary '__rustchan_e2e_no_ffmpeg__' — is it installed and executable?
2026-09-02 22:32:01.988 [WARN ] [storage ] WebM stream kind is ambiguous; storing as a neutral download - path: /var/folders/sl/yxxj_m9n37sgntkntqw0x8yw0000gn/T/rustchan-upload-LZs9O9, error: failed to spawn ffmpeg binary '__rustchan_e2e_no_ffmpeg__' — is it installed and executable?
2026-09-02 22:32:12.903 [WARN ] [thumbnai] PDF thumbnail rendering failed; using built-in generic thumbnail - pdftoppm: pdftoppm failed, mutool: failed to run mutool, qlmanage: failed to run qlmanage
2026-09-02 22:32:15.164 [WARN ] [handlers] Multipart upload field exceeded board limit - field: file, streamed bytes: 2086341, next chunk bytes: 11067, limit bytes: 2097152
2026-09-02 22:32:15.726 [WARN ] [handlers] Multipart upload field exceeded board limit - field: file, streamed bytes: 2081304, next chunk bytes: 15849, limit bytes: 2097152
2026-09-02 22:32:26.748 [WARN ] [thumbnai] PDF thumbnail rendering failed; using built-in generic thumbnail - pdftoppm: pdftoppm failed, mutool: failed to run mutool, qlmanage: failed to run qlmanage
2026-09-02 22:32:27.243 [WARN ] [handlers] Multipart upload field exceeded board limit - field: file, streamed bytes: 2081178, next chunk bytes: 15975, limit bytes: 2097152
