Error: CONFIG ERROR: cookie_secret is too short (27 chars). It must be at least 64 hex characters (32 bytes). Delete settings.toml and restart to auto-generate a secure secret.

Stack backtrace:
   0: std::backtrace_rs::backtrace::libunwind::trace
             at /rustc/88d9e12ae178fab0fb5cc050a94da85685d449ea/library/std/src/../../backtrace/src/backtrace/libunwind.rs:117:9
   1: std::backtrace_rs::backtrace::trace_unsynchronized::<<std::backtrace::Backtrace>::create::{closure#0}>
             at /rustc/88d9e12ae178fab0fb5cc050a94da85685d449ea/library/std/src/../../backtrace/src/backtrace/mod.rs:66:14
   2: <std::backtrace::Backtrace>::create
             at /rustc/88d9e12ae178fab0fb5cc050a94da85685d449ea/library/std/src/backtrace.rs:331:13
   3: <std::backtrace::Backtrace>::capture
             at /rustc/88d9e12ae178fab0fb5cc050a94da85685d449ea/library/std/src/backtrace.rs:296:9
   4: <anyhow::Error>::msg::<alloc::string::String>
             at /Users/connordawkins/.cargo/registry/src/index.crates.io-1949cf8c6b5b557f/anyhow-1.0.104/src/backtrace.rs:10:14
   5: <rustchan_cli::config::Config>::validate
             at /Users/connordawkins/Documents/GitHub/RustChan/src/config.rs:1421:13
   6: rustchan_cli::server::server::run_server::{closure#0}
             at /Users/connordawkins/Documents/GitHub/RustChan/src/server/server.rs:212:12
   7: rustchan_cli::main::{closure#2}
             at /Users/connordawkins/Documents/GitHub/RustChan/src/main.rs:227:73
   8: <tokio::runtime::park::CachedParkThread>::block_on::<rustchan_cli::main::{closure#2}>::{closure#0}
             at /Users/connordawkins/.cargo/registry/src/index.crates.io-1949cf8c6b5b557f/tokio-1.53.1/src/runtime/park.rs:284:71
   9: tokio::task::coop::with_budget::<core::task::poll::Poll<core::result::Result<(), anyhow::Error>>, <tokio::runtime::park::CachedParkThread>::block_on<rustchan_cli::main::{closure#2}>::{closure#0}>
             at /Users/connordawkins/.cargo/registry/src/index.crates.io-1949cf8c6b5b557f/tokio-1.53.1/src/task/coop/mod.rs:167:5
  10: tokio::task::coop::budget::<core::task::poll::Poll<core::result::Result<(), anyhow::Error>>, <tokio::runtime::park::CachedParkThread>::block_on<rustchan_cli::main::{closure#2}>::{closure#0}>
             at /Users/connordawkins/.cargo/registry/src/index.crates.io-1949cf8c6b5b557f/tokio-1.53.1/src/task/coop/mod.rs:133:5
  11: <tokio::runtime::park::CachedParkThread>::block_on::<rustchan_cli::main::{closure#2}>
             at /Users/connordawkins/.cargo/registry/src/index.crates.io-1949cf8c6b5b557f/tokio-1.53.1/src/runtime/park.rs:284:31
  12: <tokio::runtime::context::blocking::BlockingRegionGuard>::block_on::<rustchan_cli::main::{closure#2}>
             at /Users/connordawkins/.cargo/registry/src/index.crates.io-1949cf8c6b5b557f/tokio-1.53.1/src/runtime/context/blocking.rs:66:14
  13: <tokio::runtime::scheduler::multi_thread::MultiThread>::block_on::<rustchan_cli::main::{closure#2}>::{closure#0}
             at /Users/connordawkins/.cargo/registry/src/index.crates.io-1949cf8c6b5b557f/tokio-1.53.1/src/runtime/scheduler/multi_thread/mod.rs:92:22
  14: tokio::runtime::context::runtime::enter_runtime::<<tokio::runtime::scheduler::multi_thread::MultiThread>::block_on<rustchan_cli::main::{closure#2}>::{closure#0}, core::result::Result<(), anyhow::Error>>
             at /Users/connordawkins/.cargo/registry/src/index.crates.io-1949cf8c6b5b557f/tokio-1.53.1/src/runtime/context/runtime.rs:65:16
  15: <tokio::runtime::scheduler::multi_thread::MultiThread>::block_on::<rustchan_cli::main::{closure#2}>
             at /Users/connordawkins/.cargo/registry/src/index.crates.io-1949cf8c6b5b557f/tokio-1.53.1/src/runtime/scheduler/multi_thread/mod.rs:91:9
  16: <tokio::runtime::runtime::Runtime>::block_on_inner::<rustchan_cli::main::{closure#2}>
             at /Users/connordawkins/.cargo/registry/src/index.crates.io-1949cf8c6b5b557f/tokio-1.53.1/src/runtime/runtime.rs:376:50
  17: <tokio::runtime::runtime::Runtime>::block_on::<rustchan_cli::main::{closure#2}>
             at /Users/connordawkins/.cargo/registry/src/index.crates.io-1949cf8c6b5b557f/tokio-1.53.1/src/runtime/runtime.rs:343:18
  18: rustchan_cli::main
             at /Users/connordawkins/Documents/GitHub/RustChan/src/main.rs:219:8
  19: <fn() -> core::result::Result<(), anyhow::Error> as core::ops::function::FnOnce<()>>::call_once
             at /Users/connordawkins/.rustup/toolchains/stable-aarch64-apple-darwin/lib/rustlib/src/rust/library/core/src/ops/function.rs:250:5
  20: std::sys::backtrace::__rust_begin_short_backtrace::<fn() -> core::result::Result<(), anyhow::Error>, core::result::Result<(), anyhow::Error>>
             at /Users/connordawkins/.rustup/toolchains/stable-aarch64-apple-darwin/lib/rustlib/src/rust/library/std/src/sys/backtrace.rs:166:18
  21: std::rt::lang_start::<core::result::Result<(), anyhow::Error>>::{closure#0}
             at /Users/connordawkins/.rustup/toolchains/stable-aarch64-apple-darwin/lib/rustlib/src/rust/library/std/src/rt.rs:206:18
  22: <&dyn core::ops::function::Fn<(), Output = i32> + core::marker::Sync + core::panic::unwind_safe::RefUnwindSafe as core::ops::function::FnOnce<()>>::call_once
             at /rustc/88d9e12ae178fab0fb5cc050a94da85685d449ea/library/core/src/ops/function.rs:287:21
  23: std::panicking::catch_unwind::do_call::<&dyn core::ops::function::Fn<(), Output = i32> + core::marker::Sync + core::panic::unwind_safe::RefUnwindSafe, i32>
             at /rustc/88d9e12ae178fab0fb5cc050a94da85685d449ea/library/std/src/panicking.rs:576:43
  24: std::panicking::catch_unwind::<i32, &dyn core::ops::function::Fn<(), Output = i32> + core::marker::Sync + core::panic::unwind_safe::RefUnwindSafe>
             at /rustc/88d9e12ae178fab0fb5cc050a94da85685d449ea/library/std/src/panicking.rs:544:19
  25: std::panic::catch_unwind::<&dyn core::ops::function::Fn<(), Output = i32> + core::marker::Sync + core::panic::unwind_safe::RefUnwindSafe, i32>
             at /rustc/88d9e12ae178fab0fb5cc050a94da85685d449ea/library/std/src/panic.rs:359:14
  26: std::rt::lang_start_internal::{closure#0}
             at /rustc/88d9e12ae178fab0fb5cc050a94da85685d449ea/library/std/src/rt.rs:175:24
  27: std::panicking::catch_unwind::do_call::<std::rt::lang_start_internal::{closure#0}, isize>
             at /rustc/88d9e12ae178fab0fb5cc050a94da85685d449ea/library/std/src/panicking.rs:576:43
  28: std::panicking::catch_unwind::<isize, std::rt::lang_start_internal::{closure#0}>
             at /rustc/88d9e12ae178fab0fb5cc050a94da85685d449ea/library/std/src/panicking.rs:544:19
  29: std::panic::catch_unwind::<std::rt::lang_start_internal::{closure#0}, isize>
             at /rustc/88d9e12ae178fab0fb5cc050a94da85685d449ea/library/std/src/panic.rs:359:14
  30: std::rt::lang_start_internal
             at /rustc/88d9e12ae178fab0fb5cc050a94da85685d449ea/library/std/src/rt.rs:171:5
  31: std::rt::lang_start::<core::result::Result<(), anyhow::Error>>
             at /Users/connordawkins/.rustup/toolchains/stable-aarch64-apple-darwin/lib/rustlib/src/rust/library/std/src/rt.rs:205:5
  32: _main

[server exited code=1 signal=null]
