$ /var/folders/sl/yxxj_m9n37sgntkntqw0x8yw0000gn/T/rustchan-e2e-1-NMds4C/bin/rustchan-cli admin create-admin admin AdminPass123!
Created settings.toml (/var/folders/sl/yxxj_m9n37sgntkntqw0x8yw0000gn/T/rustchan-e2e-1-NMds4C/bin/rustchan-data/settings.toml)
✓ Admin 'admin' created (id=1).

$ /var/folders/sl/yxxj_m9n37sgntkntqw0x8yw0000gn/T/rustchan-e2e-1-NMds4C/bin/rustchan-cli admin create-board pub Public Board General public discussion
✓ Board /pub/ — Public Board created (id=1).  images:yes video:yes audio:no

$ /var/folders/sl/yxxj_m9n37sgntkntqw0x8yw0000gn/T/rustchan-e2e-1-NMds4C/bin/rustchan-cli admin create-board img Images Image upload board
✓ Board /img/ — Images created (id=2).  images:yes video:yes audio:no

$ /var/folders/sl/yxxj_m9n37sgntkntqw0x8yw0000gn/T/rustchan-e2e-1-NMds4C/bin/rustchan-cli admin create-board vid Video Video upload board
✓ Board /vid/ — Video created (id=3).  images:yes video:yes audio:no

$ /var/folders/sl/yxxj_m9n37sgntkntqw0x8yw0000gn/T/rustchan-e2e-1-NMds4C/bin/rustchan-cli admin create-board aud Audio Audio upload board --audio
✓ Board /aud/ — Audio created (id=4).  images:yes video:yes audio:yes

$ /var/folders/sl/yxxj_m9n37sgntkntqw0x8yw0000gn/T/rustchan-e2e-1-NMds4C/bin/rustchan-cli admin create-board nsfw NSFW Board Adult test board --nsfw
✓ Board /nsfw/ — NSFW Board [NSFW] created (id=5).  images:yes video:yes audio:no

$ /var/folders/sl/yxxj_m9n37sgntkntqw0x8yw0000gn/T/rustchan-e2e-1-NMds4C/bin/rustchan-cli admin create-board txt Text Only Uploads disabled --no-images --no-videos
✓ Board /txt/ — Text Only created (id=6).  images:no video:no audio:no

2026-09-02 22:20:19.514 [WARN ] [detect  ] Ffmpeg not detected - video thumbnails and transcoding disabled - available: no, ffmpeg path: __rustchan_e2e_no_ffmpeg__
2026-09-02 22:20:19.516 [WARN ] [detect  ] Ffprobe not detected - WebM codec inspection will fail for uploads that need it - available: no, ffprobe path: __rustchan_e2e_no_ffprobe__
2026-09-02 22:20:26.219 [WARN ] [thumbnai] Image thumbnail generation failed; using generic placeholder - MIME type: image/heic, input: /var/folders/sl/yxxj_m9n37sgntkntqw0x8yw0000gn/T/rustchan-e2e-1-NMds4C/bin/rustchan-data/boards/.pending/upload-a81f248b13ba416cb4d2dd38c0715107/m5da7/b2ce66e20a444c688926cf686e3ac409.heic, error: unsupported image MIME for thumbnail: image/heic
2026-09-02 22:20:26.321 [WARN ] [thumbnai] Image thumbnail generation failed; using generic placeholder - MIME type: image/heif, input: /var/folders/sl/yxxj_m9n37sgntkntqw0x8yw0000gn/T/rustchan-e2e-1-NMds4C/bin/rustchan-data/boards/.pending/upload-ba302d4605c54a328c18e14c8d07f865/m5da7/2248df33afa84f3597b129aa0fa1d1fa.heif, error: unsupported image MIME for thumbnail: image/heif
2026-09-02 22:20:26.550 [WARN ] [storage ] WebM stream kind is ambiguous; storing as a neutral download - path: /var/folders/sl/yxxj_m9n37sgntkntqw0x8yw0000gn/T/rustchan-upload-Nuxwwr, error: failed to spawn ffmpeg binary '__rustchan_e2e_no_ffmpeg__' — is it installed and executable?
2026-09-02 22:20:26.551 [WARN ] [storage ] WebM stream kind is ambiguous; storing as a neutral download - path: /var/folders/sl/yxxj_m9n37sgntkntqw0x8yw0000gn/T/rustchan-upload-Nuxwwr, error: failed to spawn ffmpeg binary '__rustchan_e2e_no_ffmpeg__' — is it installed and executable?
2026-09-02 22:20:37.141 [WARN ] [thumbnai] PDF thumbnail rendering failed; using built-in generic thumbnail - pdftoppm: pdftoppm failed, mutool: failed to run mutool, qlmanage: failed to run qlmanage
2026-09-02 22:20:38.839 [WARN ] [handlers] Multipart upload field exceeded board limit - field: file, streamed bytes: 2086344, next chunk bytes: 11064, limit bytes: 2097152
2026-09-02 22:20:39.189 [WARN ] [handlers] Multipart upload field exceeded board limit - field: file, streamed bytes: 2081307, next chunk bytes: 15846, limit bytes: 2097152
2026-09-02 22:20:49.796 [WARN ] [thumbnai] PDF thumbnail rendering failed; using built-in generic thumbnail - pdftoppm: pdftoppm failed, mutool: failed to run mutool, qlmanage: failed to run qlmanage
