$ /var/folders/sl/yxxj_m9n37sgntkntqw0x8yw0000gn/T/rustchan-e2e-6-WFuDw0/bin/rustchan-cli admin create-admin admin AdminPass123!
Created settings.toml (/var/folders/sl/yxxj_m9n37sgntkntqw0x8yw0000gn/T/rustchan-e2e-6-WFuDw0/bin/rustchan-data/settings.toml)
✓ Admin 'admin' created (id=1).

$ /var/folders/sl/yxxj_m9n37sgntkntqw0x8yw0000gn/T/rustchan-e2e-6-WFuDw0/bin/rustchan-cli admin create-board pub Public Board General public discussion
✓ Board /pub/ — Public Board created (id=1).  images:yes video:yes audio:no

$ /var/folders/sl/yxxj_m9n37sgntkntqw0x8yw0000gn/T/rustchan-e2e-6-WFuDw0/bin/rustchan-cli admin create-board img Images Image upload board
✓ Board /img/ — Images created (id=2).  images:yes video:yes audio:no

$ /var/folders/sl/yxxj_m9n37sgntkntqw0x8yw0000gn/T/rustchan-e2e-6-WFuDw0/bin/rustchan-cli admin create-board vid Video Video upload board
✓ Board /vid/ — Video created (id=3).  images:yes video:yes audio:no

$ /var/folders/sl/yxxj_m9n37sgntkntqw0x8yw0000gn/T/rustchan-e2e-6-WFuDw0/bin/rustchan-cli admin create-board aud Audio Audio upload board --audio
✓ Board /aud/ — Audio created (id=4).  images:yes video:yes audio:yes

$ /var/folders/sl/yxxj_m9n37sgntkntqw0x8yw0000gn/T/rustchan-e2e-6-WFuDw0/bin/rustchan-cli admin create-board nsfw NSFW Board Adult test board --nsfw
✓ Board /nsfw/ — NSFW Board [NSFW] created (id=5).  images:yes video:yes audio:no

$ /var/folders/sl/yxxj_m9n37sgntkntqw0x8yw0000gn/T/rustchan-e2e-6-WFuDw0/bin/rustchan-cli admin create-board txt Text Only Uploads disabled --no-images --no-videos
✓ Board /txt/ — Text Only created (id=6).  images:no video:no audio:no

2026-09-02 22:24:00.604 [WARN ] [detect  ] Ffmpeg not detected - video thumbnails and transcoding disabled - available: no, ffmpeg path: __rustchan_e2e_no_ffmpeg__
2026-09-02 22:24:00.605 [WARN ] [detect  ] Ffprobe not detected - WebM codec inspection will fail for uploads that need it - available: no, ffprobe path: __rustchan_e2e_no_ffprobe__
$ /var/folders/sl/yxxj_m9n37sgntkntqw0x8yw0000gn/T/rustchan-e2e-6-WFuDw0/bin/rustchan-cli admin create-board bnd71f5c Ban Delete Modal ban delete fixture
✓ Board /bnd71f5c/ — Ban Delete Modal created (id=7).  images:yes video:yes audio:no

2026-09-02 22:24:06.630 [WARN ] [auth    ] Failed admin login - username: adm… (len=5), ip prefix: 12ca17b4, attempts: 1, attempt limit: 5, locked out: no
$ /var/folders/sl/yxxj_m9n37sgntkntqw0x8yw0000gn/T/rustchan-e2e-6-WFuDw0/bin/rustchan-cli admin create-board rptc1499 Reported Board Moderation queue fixture
✓ Board /rptc1499/ — Reported Board created (id=8).  images:yes video:yes audio:no

2026-09-02 22:24:22.811 [WARN ] [auth    ] Failed admin login - username: adm… (len=5), ip prefix: 12ca17b4, attempts: 1, attempt limit: 5, locked out: no
$ /var/folders/sl/yxxj_m9n37sgntkntqw0x8yw0000gn/T/rustchan-e2e-6-WFuDw0/bin/rustchan-cli admin create-board btn769a2 Button Sizing Public button sizing fixture
✓ Board /btn769a2/ — Button Sizing created (id=11).  images:yes video:yes audio:no

$ /var/folders/sl/yxxj_m9n37sgntkntqw0x8yw0000gn/T/rustchan-e2e-6-WFuDw0/bin/rustchan-cli admin create-board pw320000 Password Buttons Password prompt fixture
✓ Board /pw320000/ — Password Buttons created (id=12).  images:yes video:yes audio:no

$ /var/folders/sl/yxxj_m9n37sgntkntqw0x8yw0000gn/T/rustchan-e2e-6-WFuDw0/bin/rustchan-cli admin create-board pdf6yy6v PDF Board 
✓ Board /pdf6yy6v/ — PDF Board created (id=13).  images:yes video:yes audio:no

$ /var/folders/sl/yxxj_m9n37sgntkntqw0x8yw0000gn/T/rustchan-e2e-6-WFuDw0/bin/rustchan-cli admin create-board vief09a1 View Password 
✓ Board /vief09a1/ — View Password created (id=14).  images:yes video:yes audio:no

$ /var/folders/sl/yxxj_m9n37sgntkntqw0x8yw0000gn/T/rustchan-e2e-6-WFuDw0/bin/rustchan-cli admin create-board pwc2bc54 Password Change 
✓ Board /pwc2bc54/ — Password Change created (id=15).  images:yes video:yes audio:no

$ /var/folders/sl/yxxj_m9n37sgntkntqw0x8yw0000gn/T/rustchan-e2e-6-WFuDw0/bin/rustchan-cli admin create-board den380f9 Own Post Denials 
✓ Board /den380f9/ — Own Post Denials created (id=16).  images:yes video:yes audio:no

$ /var/folders/sl/yxxj_m9n37sgntkntqw0x8yw0000gn/T/rustchan-e2e-6-WFuDw0/bin/rustchan-cli admin create-board lifab798 Lifecycle Board 
✓ Board /lifab798/ — Lifecycle Board created (id=17).  images:yes video:yes audio:no

