$ /var/folders/sl/yxxj_m9n37sgntkntqw0x8yw0000gn/T/rustchan-e2e-19-m6gylz/bin/rustchan-cli admin create-admin admin AdminPass123!
Created settings.toml (/var/folders/sl/yxxj_m9n37sgntkntqw0x8yw0000gn/T/rustchan-e2e-19-m6gylz/bin/rustchan-data/settings.toml)
✓ Admin 'admin' created (id=1).

$ /var/folders/sl/yxxj_m9n37sgntkntqw0x8yw0000gn/T/rustchan-e2e-19-m6gylz/bin/rustchan-cli admin create-board pub Public Board General public discussion
✓ Board /pub/ — Public Board created (id=1).  images:yes video:yes audio:no

$ /var/folders/sl/yxxj_m9n37sgntkntqw0x8yw0000gn/T/rustchan-e2e-19-m6gylz/bin/rustchan-cli admin create-board img Images Image upload board
✓ Board /img/ — Images created (id=2).  images:yes video:yes audio:no

$ /var/folders/sl/yxxj_m9n37sgntkntqw0x8yw0000gn/T/rustchan-e2e-19-m6gylz/bin/rustchan-cli admin create-board vid Video Video upload board
✓ Board /vid/ — Video created (id=3).  images:yes video:yes audio:no

$ /var/folders/sl/yxxj_m9n37sgntkntqw0x8yw0000gn/T/rustchan-e2e-19-m6gylz/bin/rustchan-cli admin create-board aud Audio Audio upload board --audio
✓ Board /aud/ — Audio created (id=4).  images:yes video:yes audio:yes

$ /var/folders/sl/yxxj_m9n37sgntkntqw0x8yw0000gn/T/rustchan-e2e-19-m6gylz/bin/rustchan-cli admin create-board nsfw NSFW Board Adult test board --nsfw
✓ Board /nsfw/ — NSFW Board [NSFW] created (id=5).  images:yes video:yes audio:no

$ /var/folders/sl/yxxj_m9n37sgntkntqw0x8yw0000gn/T/rustchan-e2e-19-m6gylz/bin/rustchan-cli admin create-board txt Text Only Uploads disabled --no-images --no-videos
✓ Board /txt/ — Text Only created (id=6).  images:no video:no audio:no

2026-09-02 22:32:31.837 [WARN ] [detect  ] Ffmpeg not detected - video thumbnails and transcoding disabled - available: no, ffmpeg path: __rustchan_e2e_no_ffmpeg__
2026-09-02 22:32:31.839 [WARN ] [detect  ] Ffprobe not detected - WebM codec inspection will fail for uploads that need it - available: no, ffprobe path: __rustchan_e2e_no_ffprobe__
2026-09-02 22:32:33.786 [WARN ] [auth    ] Failed admin login - username: adm… (len=5), ip prefix: 12ca17b4, attempts: 1, attempt limit: 5, locked out: no
$ /var/folders/sl/yxxj_m9n37sgntkntqw0x8yw0000gn/T/rustchan-e2e-19-m6gylz/bin/rustchan-cli admin create-board lim199d9 Limits 
✓ Board /lim199d9/ — Limits created (id=7).  images:yes video:yes audio:no

$ /var/folders/sl/yxxj_m9n37sgntkntqw0x8yw0000gn/T/rustchan-e2e-19-m6gylz/bin/rustchan-cli admin create-board pos5a32c Post Password 
✓ Board /pos5a32c/ — Post Password created (id=8).  images:yes video:yes audio:no

$ /var/folders/sl/yxxj_m9n37sgntkntqw0x8yw0000gn/T/rustchan-e2e-19-m6gylz/bin/rustchan-cli admin create-board pwc7cf25 Password Change 
✓ Board /pwc7cf25/ — Password Change created (id=9).  images:yes video:yes audio:no


[server exited code=0 signal=null]
$ /var/folders/sl/yxxj_m9n37sgntkntqw0x8yw0000gn/T/rustchan-e2e-19-m6gylz/bin/rustchan-cli admin create-board bf51f16f Phase 3 Activity bf51f16f Phase 3 activity board bf51f16f
✓ Board /bf51f16f/ — Phase 3 Activity bf51f16f created (id=10).  images:yes video:yes audio:no

2026-09-02 22:33:04.456 [WARN ] [detect  ] Ffmpeg not detected - video thumbnails and transcoding disabled - available: no, ffmpeg path: __rustchan_e2e_no_ffmpeg__
2026-09-02 22:33:04.458 [WARN ] [detect  ] Ffprobe not detected - WebM codec inspection will fail for uploads that need it - available: no, ffprobe path: __rustchan_e2e_no_ffprobe__

[server exited code=0 signal=null]
2026-09-02 22:33:06.684 [WARN ] [detect  ] Ffmpeg not detected - video thumbnails and transcoding disabled - available: no, ffmpeg path: __rustchan_e2e_no_ffmpeg__
2026-09-02 22:33:06.686 [WARN ] [detect  ] Ffprobe not detected - WebM codec inspection will fail for uploads that need it - available: no, ffprobe path: __rustchan_e2e_no_ffprobe__

[server exited code=0 signal=null]
2026-09-02 22:33:07.442 [WARN ] [detect  ] Ffmpeg not detected - video thumbnails and transcoding disabled - available: no, ffmpeg path: __rustchan_e2e_no_ffmpeg__
2026-09-02 22:33:07.444 [WARN ] [detect  ] Ffprobe not detected - WebM codec inspection will fail for uploads that need it - available: no, ffprobe path: __rustchan_e2e_no_ffprobe__
$ /var/folders/sl/yxxj_m9n37sgntkntqw0x8yw0000gn/T/rustchan-e2e-19-m6gylz/bin/rustchan-cli admin create-board a111898b Accessibility Board keyboard and label coverage
✓ Board /a111898b/ — Accessibility Board created (id=11).  images:yes video:yes audio:no

$ /var/folders/sl/yxxj_m9n37sgntkntqw0x8yw0000gn/T/rustchan-e2e-19-m6gylz/bin/rustchan-cli admin create-board dlgf8a73 Dialog Board dialog coverage
✓ Board /dlgf8a73/ — Dialog Board created (id=12).  images:yes video:yes audio:no

$ /var/folders/sl/yxxj_m9n37sgntkntqw0x8yw0000gn/T/rustchan-e2e-19-m6gylz/bin/rustchan-cli admin create-board loc17d0c Locked Phase Four Board Permission page coverage
✓ Board /loc17d0c/ — Locked Phase Four Board created (id=13).  images:yes video:yes audio:no

2026-09-02 22:33:19.377 [ERROR] [admin   ] Full restore failed - route: /admin/restore, error: Bad request: Invalid zip: invalid Zip archive: Could not find EOCD
2026-09-02 22:33:19.432 [ERROR] [admin   ] Board restore failed - route: /admin/board/restore, error: Bad request: Invalid board.json: missing field `version` at line 1 column 24
$ /var/folders/sl/yxxj_m9n37sgntkntqw0x8yw0000gn/T/rustchan-e2e-19-m6gylz/bin/rustchan-cli admin create-board ed198b9a Edit Delete 
✓ Board /ed198b9a/ — Edit Delete created (id=14).  images:yes video:yes audio:no

$ /var/folders/sl/yxxj_m9n37sgntkntqw0x8yw0000gn/T/rustchan-e2e-19-m6gylz/bin/rustchan-cli admin create-board den44cef Own Post Denials 
✓ Board /den44cef/ — Own Post Denials created (id=15).  images:yes video:yes audio:no

$ /var/folders/sl/yxxj_m9n37sgntkntqw0x8yw0000gn/T/rustchan-e2e-19-m6gylz/bin/rustchan-cli admin create-board lif92ae4 Lifecycle Board 
✓ Board /lif92ae4/ — Lifecycle Board created (id=16).  images:yes video:yes audio:no

