$ /var/folders/sl/yxxj_m9n37sgntkntqw0x8yw0000gn/T/rustchan-e2e-7-iZoGs2/bin/rustchan-cli admin create-admin admin AdminPass123!
Created settings.toml (/var/folders/sl/yxxj_m9n37sgntkntqw0x8yw0000gn/T/rustchan-e2e-7-iZoGs2/bin/rustchan-data/settings.toml)
✓ Admin 'admin' created (id=1).

$ /var/folders/sl/yxxj_m9n37sgntkntqw0x8yw0000gn/T/rustchan-e2e-7-iZoGs2/bin/rustchan-cli admin create-board pub Public Board General public discussion
✓ Board /pub/ — Public Board created (id=1).  images:yes video:yes audio:no

$ /var/folders/sl/yxxj_m9n37sgntkntqw0x8yw0000gn/T/rustchan-e2e-7-iZoGs2/bin/rustchan-cli admin create-board img Images Image upload board
✓ Board /img/ — Images created (id=2).  images:yes video:yes audio:no

$ /var/folders/sl/yxxj_m9n37sgntkntqw0x8yw0000gn/T/rustchan-e2e-7-iZoGs2/bin/rustchan-cli admin create-board vid Video Video upload board
✓ Board /vid/ — Video created (id=3).  images:yes video:yes audio:no

$ /var/folders/sl/yxxj_m9n37sgntkntqw0x8yw0000gn/T/rustchan-e2e-7-iZoGs2/bin/rustchan-cli admin create-board aud Audio Audio upload board --audio
✓ Board /aud/ — Audio created (id=4).  images:yes video:yes audio:yes

$ /var/folders/sl/yxxj_m9n37sgntkntqw0x8yw0000gn/T/rustchan-e2e-7-iZoGs2/bin/rustchan-cli admin create-board nsfw NSFW Board Adult test board --nsfw
✓ Board /nsfw/ — NSFW Board [NSFW] created (id=5).  images:yes video:yes audio:no

$ /var/folders/sl/yxxj_m9n37sgntkntqw0x8yw0000gn/T/rustchan-e2e-7-iZoGs2/bin/rustchan-cli admin create-board txt Text Only Uploads disabled --no-images --no-videos
✓ Board /txt/ — Text Only created (id=6).  images:no video:no audio:no

2026-09-02 22:24:05.760 [WARN ] [detect  ] Ffmpeg not detected - video thumbnails and transcoding disabled - available: no, ffmpeg path: __rustchan_e2e_no_ffmpeg__
2026-09-02 22:24:05.762 [WARN ] [detect  ] Ffprobe not detected - WebM codec inspection will fail for uploads that need it - available: no, ffprobe path: __rustchan_e2e_no_ffprobe__
$ /var/folders/sl/yxxj_m9n37sgntkntqw0x8yw0000gn/T/rustchan-e2e-7-iZoGs2/bin/rustchan-cli admin create-board adm3926a Admin Controls Public admin controls fixture
✓ Board /adm3926a/ — Admin Controls created (id=7).  images:yes video:yes audio:no


[server exited code=0 signal=null]
2026-09-02 22:24:16.541 [WARN ] [detect  ] Ffmpeg not detected - video thumbnails and transcoding disabled - available: no, ffmpeg path: __rustchan_e2e_no_ffmpeg__
2026-09-02 22:24:16.542 [WARN ] [detect  ] Ffprobe not detected - WebM codec inspection will fail for uploads that need it - available: no, ffprobe path: __rustchan_e2e_no_ffprobe__

[server exited code=0 signal=null]
2026-09-02 22:24:26.970 [WARN ] [detect  ] Ffmpeg not detected - video thumbnails and transcoding disabled - available: no, ffmpeg path: __rustchan_e2e_no_ffmpeg__
2026-09-02 22:24:26.972 [WARN ] [detect  ] Ffprobe not detected - WebM codec inspection will fail for uploads that need it - available: no, ffprobe path: __rustchan_e2e_no_ffprobe__
$ /var/folders/sl/yxxj_m9n37sgntkntqw0x8yw0000gn/T/rustchan-e2e-7-iZoGs2/bin/rustchan-cli admin create-board cap5b628 Captcha Board 
✓ Board /cap5b628/ — Captcha Board created (id=9).  images:yes video:yes audio:no

$ /var/folders/sl/yxxj_m9n37sgntkntqw0x8yw0000gn/T/rustchan-e2e-7-iZoGs2/bin/rustchan-cli admin create-board cns7633b Captcha NoJS 
✓ Board /cns7633b/ — Captcha NoJS created (id=10).  images:yes video:yes audio:no

2026-09-02 22:24:33.707 [WARN ] [admin   ] Admin same-origin validation rejected request - request scheme: http, request host: 127.0.0.1, request port: 63310, source scheme: http, source host: evil.example, source port: 80, source: http://evil.example
2026-09-02 22:24:33.709 [WARN ] [admin   ] Admin same-origin validation rejected request - request scheme: http, request host: 127.0.0.1, request port: 63310, source scheme: http, source host: evil.example, source port: 80, source: http://evil.example/path
$ /var/folders/sl/yxxj_m9n37sgntkntqw0x8yw0000gn/T/rustchan-e2e-7-iZoGs2/bin/rustchan-cli admin create-board lim7yxwk Limits 
✓ Board /lim7yxwk/ — Limits created (id=13).  images:yes video:yes audio:no

$ /var/folders/sl/yxxj_m9n37sgntkntqw0x8yw0000gn/T/rustchan-e2e-7-iZoGs2/bin/rustchan-cli admin create-board pos66edc Post Password 
✓ Board /pos66edc/ — Post Password created (id=14).  images:yes video:yes audio:no

$ /var/folders/sl/yxxj_m9n37sgntkntqw0x8yw0000gn/T/rustchan-e2e-7-iZoGs2/bin/rustchan-cli admin create-board leac353c Leak Audit 
✓ Board /leac353c/ — Leak Audit created (id=15).  images:yes video:yes audio:no

$ /var/folders/sl/yxxj_m9n37sgntkntqw0x8yw0000gn/T/rustchan-e2e-7-iZoGs2/bin/rustchan-cli admin create-board ed3d01a5 Edit Delete 
✓ Board /ed3d01a5/ — Edit Delete created (id=16).  images:yes video:yes audio:no


[server exited code=0 signal=null]
2026-09-02 22:25:03.479 [WARN ] [detect  ] Ffmpeg not detected - video thumbnails and transcoding disabled - available: no, ffmpeg path: __rustchan_e2e_no_ffmpeg__
2026-09-02 22:25:03.481 [WARN ] [detect  ] Ffprobe not detected - WebM codec inspection will fail for uploads that need it - available: no, ffprobe path: __rustchan_e2e_no_ffprobe__
$ /var/folders/sl/yxxj_m9n37sgntkntqw0x8yw0000gn/T/rustchan-e2e-7-iZoGs2/bin/rustchan-cli admin create-board arc5c5f0 Archive Board 
✓ Board /arc5c5f0/ — Archive Board created (id=17).  images:yes video:yes audio:no

